[26-09-30 19:33:41] [info] watch=Dune: Part 3 showtime=405750 cineplex availability call initiated
[26-09-30 19:33:41] [info] watch=Dune: Part 3 showtime=405750 selected_available=0
[26-09-30 19:33:41] [info] watch=Dune: Part 3 showtime=405751 cineplex availability call initiated
[26-09-30 19:33:41] [info] watch=Dune: Part 3 showtime=405751 selected_available=0
[26-09-30 19:33:41] [info] watch=Dune: Part 3 showtime=405752 cineplex availability call initiated
[26-09-30 19:33:42] [info] watch=Dune: Part 3 showtime=405752 selected_available=0
[26-09-30 19:33:42] [info] watch=Dune: Part 3 showtime=405753 cineplex availability call initiated
[26-09-30 19:33:42] [info] watch=Dune: Part 3 showtime=405753 selected_available=0
[26-09-30 19:33:42] [info] watch=Dune: Part 3 showtime=405754 cineplex availability call initiated
[26-09-30 19:33:42] [info] watch=Dune: Part 3 showtime=405754 selected_available=0
[26-09-30 19:33:42] [info] watch=Dune: Part 3 showtime=405755 cineplex availability call initiated
[26-09-30 19:33:43] [info] watch=Dune: Part 3 showtime=405755 selected_available=0
[26-09-30 19:33:43] [info] watch=Dune: Part 3 showtime=405760 cineplex availability call initiated
[26-09-30 19:33:43] [info] watch=Dune: Part 3 showtime=405760 selected_available=0
[26-09-30 19:33:43] [info] watch=Dune: Part 3 showtime=405761 cineplex availability call initiated
[26-09-30 19:33:43] [info] watch=Dune: Part 3 showtime=405761 selected_available=0
[26-09-30 19:33:43] [info] watch=Dune: Part 3 showtime=405765 cineplex availability call initiated
[26-09-30 19:33:43] [info] watch=Dune: Part 3 showtime=405765 selected_available=0
[26-09-30 19:33:43] [info] seat watcher scan completed watches=1 showtimes=13 failures=0 new_seats=0
[26-09-30 22:21:51] [info] seat watcher scan started
[26-09-30 22:21:51] [info] watch=Dune: Part 3 showtime=405740 cineplex availability call initiated
[26-09-30 22:21:52] [info] watch=Dune: Part 3 showtime=405740 selected_available=0
[26-09-30 22:21:52] [info] watch=Dune: Part 3 showtime=405741 cineplex availability call initiated
[26-09-30 22:21:52] [info] watch=Dune: Part 3 showtime=405741 selected_available=0
[26-09-30 22:21:52] [info] watch=Dune: Part 3 showtime=405743 cineplex availability call initiated
[26-09-30 22:21:52] [info] watch=Dune: Part 3 showtime=405743 selected_available=0
[26-09-30 22:21:52] [info] watch=Dune: Part 3 showtime=405745 cineplex availability call initiated
[26-09-30 22:21:52] [info] watch=Dune: Part 3 showtime=405745 selected_available=0
[26-09-30 22:21:52] [info] watch=Dune: Part 3 showtime=405750 cineplex availability call initiated
[26-09-30 22:21:53] [info] watch=Dune: Part 3 showtime=405750 selected_available=0
[26-09-30 22:21:53] [info] watch=Dune: Part 3 showtime=405751 cineplex availability call initiated
[26-09-30 22:21:53] [info] watch=Dune: Part 3 showtime=405751 selected_available=0
[26-09-30 22:21:53] [info] watch=Dune: Part 3 showtime=405752 cineplex availability call initiated
[26-09-30 22:21:53] [info] watch=Dune: Part 3 showtime=405752 selected_available=0
[26-09-30 22:21:53] [info] watch=Dune: Part 3 showtime=405753 cineplex availability call initiated
[26-09-30 22:21:53] [info] watch=Dune: Part 3 showtime=405753 selected_available=0
[26-09-30 22:21:53] [info] watch=Dune: Part 3 showtime=405754 cineplex availability call initiated
[26-09-30 22:21:53] [info] watch=Dune: Part 3 showtime=405754 selected_available=0
[26-09-30 22:21:53] [info] watch=Dune: Part 3 showtime=405755 cineplex availability call initiated
[26-09-30 22:21:54] [info] watch=Dune: Part 3 showtime=405755 selected_available=0
[26-09-30 22:21:54] [info] watch=Dune: Part 3 showtime=405760 cineplex availability call initiated
[26-09-30 22:21:54] [info] watch=Dune: Part 3 showtime=405760 selected_available=0
[26-09-30 22:21:54] [info] watch=Dune: Part 3 showtime=405761 cineplex availability call initiated
[26-09-30 22:21:54] [info] watch=Dune: Part 3 showtime=405761 selected_available=0
[26-09-30 22:21:54] [info] watch=Dune: Part 3 showtime=405765 cineplex availability call initiated
[26-09-30 22:21:55] [info] watch=Dune: Part 3 showtime=405765 selected_available=0
[26-09-30 22:21:55] [info] seat watcher scan completed watches=1 showtimes=13 failures=0 new_seats=0
[26-10-01 05:10:19] [info] seat watcher scan started
[26-10-01 05:10:19] [info] watch=Dune: Part 3 showtime=405740 cineplex availability call initiated
[26-10-01 05:10:19] [info] watch=Dune: Part 3 showtime=405740 selected_available=0
[26-10-01 05:10:19] [info] watch=Dune: Part 3 showtime=405741 cineplex availability call initiated
[26-10-01 05:10:20] [info] watch=Dune: Part 3 showtime=405741 selected_available=0
[26-10-01 05:10:20] [info] watch=Dune: Part 3 showtime=405743 cineplex availability call initiated
[26-10-01 05:10:20] [info] watch=Dune: Part 3 showtime=405743 selected_available=0
[26-10-01 05:10:20] [info] watch=Dune: Part 3 showtime=405745 cineplex availability call initiated
[26-10-01 05:10:20] [info] watch=Dune: Part 3 showtime=405745 selected_available=0
[26-10-01 05:10:20] [info] watch=Dune: Part 3 showtime=405750 cineplex availability call initiated
[26-10-01 05:10:20] [info] watch=Dune: Part 3 showtime=405750 selected_available=0
[26-10-01 05:10:20] [info] watch=Dune: Part 3 showtime=405751 cineplex availability call initiated
[26-10-01 05:10:21] [info] watch=Dune: Part 3 showtime=405751 selected_available=0
[26-10-01 05:10:21] [info] watch=Dune: Part 3 showtime=405752 cineplex availability call initiated
[26-10-01 05:10:21] [info] watch=Dune: Part 3 showtime=405752 selected_available=0
[26-10-01 05:10:21] [info] watch=Dune: Part 3 showtime=405753 cineplex availability call initiated
[26-10-01 05:10:22] [info] watch=Dune: Part 3 showtime=405753 selected_available=0
[26-10-01 05:10:22] [info] watch=Dune: Part 3 showtime=405754 cineplex availability call initiated
[26-10-01 05:10:22] [info] watch=Dune: Part 3 showtime=405754 selected_available=0
[26-10-01 05:10:22] [info] watch=Dune: Part 3 showtime=405755 cineplex availability call initiated
[26-10-01 05:10:22] [info] watch=Dune: Part 3 showtime=405755 selected_available=0
[26-10-01 05:10:22] [info] watch=Dune: Part 3 showtime=405760 cineplex availability call initiated
[26-10-01 05:10:23] [info] watch=Dune: Part 3 showtime=405760 selected_available=0
[26-10-01 05:10:23] [info] watch=Dune: Part 3 showtime=405761 cineplex availability call initiated
[26-10-01 05:10:23] [info] watch=Dune: Part 3 showtime=405761 selected_available=0
[26-10-01 05:10:23] [info] watch=Dune: Part 3 showtime=405765 cineplex availability call initiated
[26-10-01 05:10:23] [info] watch=Dune: Part 3 showtime=405765 selected_available=0
[26-10-01 05:10:23] [info] seat watcher scan completed watches=1 showtimes=13 failures=0 new_seats=0
[26-10-01 12:27:06] [info] seat watcher scan started
[26-10-01 12:27:06] [info] watch=Dune: Part 3 showtime=405740 cineplex availability call initiated
[26-10-01 12:27:06] [info] watch=Dune: Part 3 showtime=405740 selected_available=0
[26-10-01 12:27:06] [info] watch=Dune: Part 3 showtime=405741 cineplex availability call initiated
[26-10-01 12:27:07] [info] watch=Dune: Part 3 showtime=405741 selected_available=0
[26-10-01 12:27:07] [info] watch=Dune: Part 3 showtime=405743 cineplex availability call initiated
[26-10-01 12:27:07] [info] watch=Dune: Part 3 showtime=405743 selected_available=0
[26-10-01 12:27:07] [info] watch=Dune: Part 3 showtime=405745 cineplex availability call initiated
[26-10-01 12:27:08] [info] watch=Dune: Part 3 showtime=405745 selected_available=0
[26-10-01 12:27:08] [info] watch=Dune: Part 3 showtime=405750 cineplex availability call initiated
[26-10-01 12:27:08] [info] watch=Dune: Part 3 showtime=405750 selected_available=0
[26-10-01 12:27:08] [info] watch=Dune: Part 3 showtime=405751 cineplex availability call initiated
[26-10-01 12:27:08] [info] watch=Dune: Part 3 showtime=405751 selected_available=0
[26-10-01 12:27:08] [info] watch=Dune: Part 3 showtime=405752 cineplex availability call initiated
[26-10-01 12:27:08] [info] watch=Dune: Part 3 showtime=405752 selected_available=0
[26-10-01 12:27:08] [info] watch=Dune: Part 3 showtime=405753 cineplex availability call initiated
[26-10-01 12:27:09] [info] watch=Dune: Part 3 showtime=405753 selected_available=0
[26-10-01 12:27:09] [info] watch=Dune: Part 3 showtime=405754 cineplex availability call initiated
[26-10-01 12:27:09] [info] watch=Dune: Part 3 showtime=405754 selected_available=0
[26-10-01 12:27:09] [info] watch=Dune: Part 3 showtime=405755 cineplex availability call initiated
[26-10-01 12:27:09] [info] watch=Dune: Part 3 showtime=405755 selected_available=0
[26-10-01 12:27:09] [info] watch=Dune: Part 3 showtime=405760 cineplex availability call initiated
[26-10-01 12:27:10] [info] watch=Dune: Part 3 showtime=405760 selected_available=0
[26-10-01 12:27:10] [info] watch=Dune: Part 3 showtime=405761 cineplex availability call initiated
[26-10-01 12:27:10] [info] watch=Dune: Part 3 showtime=405761 selected_available=0
[26-10-01 12:27:10] [info] watch=Dune: Part 3 showtime=405765 cineplex availability call initiated
[26-10-01 12:27:11] [info] watch=Dune: Part 3 showtime=405765 selected_available=0
[26-10-01 12:27:11] [info] seat watcher scan completed watches=1 showtimes=13 failures=0 new_seats=0
[26-10-01 17:12:41] [info] seat watcher scan started
[26-10-01 17:12:41] [info] watch=Dune: Part 3 showtime=405740 cineplex availability call initiated
[26-10-01 17:12:42] [info] watch=Dune: Part 3 showtime=405740 selected_available=0
[26-10-01 17:12:42] [info] watch=Dune: Part 3 showtime=405741 cineplex availability call initiated
[26-10-01 17:12:42] [info] watch=Dune: Part 3 showtime=405741 selected_available=0
[26-10-01 17:12:42] [info] watch=Dune: Part 3 showtime=405743 cineplex availability call initiated
[26-10-01 17:12:43] [info] watch=Dune: Part 3 showtime=405743 selected_available=0
[26-10-01 17:12:43] [info] watch=Dune: Part 3 showtime=405745 cineplex availability call initiated
[26-10-01 17:12:43] [info] watch=Dune: Part 3 showtime=405745 selected_available=0
[26-10-01 17:12:43] [info] watch=Dune: Part 3 showtime=405750 cineplex availability call initiated
[26-10-01 17:12:43] [info] watch=Dune: Part 3 showtime=405750 selected_available=0
[26-10-01 17:12:43] [info] watch=Dune: Part 3 showtime=405751 cineplex availability call initiated
[26-10-01 17:12:44] [info] watch=Dune: Part 3 showtime=405751 selected_available=0
[26-10-01 17:12:44] [info] watch=Dune: Part 3 showtime=405752 cineplex availability call initiated
[26-10-01 17:12:44] [info] watch=Dune: Part 3 showtime=405752 selected_available=0
[26-10-01 17:12:44] [info] watch=Dune: Part 3 showtime=405753 cineplex availability call initiated
[26-10-01 17:12:44] [info] watch=Dune: Part 3 showtime=405753 selected_available=0
[26-10-01 17:12:44] [info] watch=Dune: Part 3 showtime=405754 cineplex availability call initiated
[26-10-01 17:12:44] [info] watch=Dune: Part 3 showtime=405754 selected_available=0
[26-10-01 17:12:44] [info] watch=Dune: Part 3 showtime=405755 cineplex availability call initiated
[26-10-01 17:12:45] [info] watch=Dune: Part 3 showtime=405755 selected_available=0
[26-10-01 17:12:45] [info] watch=Dune: Part 3 showtime=405760 cineplex availability call initiated
[26-10-01 17:12:45] [info] watch=Dune: Part 3 showtime=405760 selected_available=0
[26-10-01 17:12:45] [info] watch=Dune: Part 3 showtime=405761 cineplex availability call initiated
[26-10-01 17:12:45] [info] watch=Dune: Part 3 showtime=405761 selected_available=0
[26-10-01 17:12:45] [info] watch=Dune: Part 3 showtime=405765 cineplex availability call initiated
[26-10-01 17:12:46] [info] watch=Dune: Part 3 showtime=405765 selected_available=0
[26-10-01 17:12:46] [info] seat watcher scan completed watches=1 showtimes=13 failures=0 new_seats=0
[26-10-01 20:49:22] [info] seat watcher scan started
[26-10-01 20:49:22] [info] watch=Dune: Part 3 showtime=405740 cineplex availability call initiated
[26-10-01 20:49:23] [info] watch=Dune: Part 3 showtime=405740 selected_available=0
[26-10-01 20:49:23] [info] watch=Dune: Part 3 showtime=405741 cineplex availability call initiated
[26-10-01 20:49:23] [info] watch=Dune: Part 3 showtime=405741 selected_available=0
[26-10-01 20:49:23] [info] watch=Dune: Part 3 showtime=405743 cineplex availability call initiated
[26-10-01 20:49:23] [info] watch=Dune: Part 3 showtime=405743 selected_available=0
[26-10-01 20:49:23] [info] watch=Dune: Part 3 showtime=405745 cineplex availability call initiated
[26-10-01 20:49:23] [info] watch=Dune: Part 3 showtime=405745 selected_available=0
[26-10-01 20:49:23] [info] watch=Dune: Part 3 showtime=405750 cineplex availability call initiated
[26-10-01 20:49:24] [info] watch=Dune: Part 3 showtime=405750 selected_available=0
[26-10-01 20:49:24] [info] watch=Dune: Part 3 showtime=405751 cineplex availability call initiated
[26-10-01 20:49:24] [info] watch=Dune: Part 3 showtime=405751 selected_available=0
[26-10-01 20:49:24] [info] watch=Dune: Part 3 showtime=405752 cineplex availability call initiated
[26-10-01 20:49:24] [info] watch=Dune: Part 3 showtime=405752 selected_available=0
[26-10-01 20:49:24] [info] watch=Dune: Part 3 showtime=405753 cineplex availability call initiated
[26-10-01 20:49:24] [info] watch=Dune: Part 3 showtime=405753 selected_available=0
[26-10-01 20:49:24] [info] watch=Dune: Part 3 showtime=405754 cineplex availability call initiated
[26-10-01 20:49:24] [info] watch=Dune: Part 3 showtime=405754 selected_available=0
[26-10-01 20:49:24] [info] watch=Dune: Part 3 showtime=405755 cineplex availability call initiated
[26-10-01 20:49:25] [info] watch=Dune: Part 3 showtime=405755 selected_available=0
[26-10-01 20:49:25] [info] watch=Dune: Part 3 showtime=405760 cineplex availability call initiated
[26-10-01 20:49:25] [info] watch=Dune: Part 3 showtime=405760 selected_available=0
[26-10-01 20:49:25] [info] watch=Dune: Part 3 showtime=405761 cineplex availability call initiated
[26-10-01 20:49:25] [info] watch=Dune: Part 3 showtime=405761 selected_available=0
[26-10-01 20:49:25] [info] watch=Dune: Part 3 showtime=405765 cineplex availability call initiated
[26-10-01 20:49:25] [info] watch=Dune: Part 3 showtime=405765 selected_available=0
[26-10-01 20:49:25] [info] seat watcher scan completed watches=1 showtimes=13 failures=0 new_seats=0
[26-10-02 02:20:25] [info] seat watcher scan started
[26-10-02 02:20:25] [info] watch=Dune: Part 3 showtime=405740 cineplex availability call initiated
[26-10-02 02:20:25] [info] watch=Dune: Part 3 showtime=405740 selected_available=0
[26-10-02 02:20:25] [info] watch=Dune: Part 3 showtime=405741 cineplex availability call initiated
[26-10-02 02:20:27] [info] watch=Dune: Part 3 showtime=405741 selected_available=0
[26-10-02 02:20:27] [info] watch=Dune: Part 3 showtime=405743 cineplex availability call initiated
[26-10-02 02:20:27] [info] watch=Dune: Part 3 showtime=405743 selected_available=0
[26-10-02 02:20:27] [info] watch=Dune: Part 3 showtime=405745 cineplex availability call initiated
[26-10-02 02:20:28] [info] watch=Dune: Part 3 showtime=405745 selected_available=0
[26-10-02 02:20:28] [info] watch=Dune: Part 3 showtime=405750 cineplex availability call initiated
[26-10-02 02:20:28] [info] watch=Dune: Part 3 showtime=405750 selected_available=0
[26-10-02 02:20:28] [info] watch=Dune: Part 3 showtime=405751 cineplex availability call initiated
[26-10-02 02:20:28] [info] watch=Dune: Part 3 showtime=405751 selected_available=0
[26-10-02 02:20:28] [info] watch=Dune: Part 3 showtime=405752 cineplex availability call initiated
[26-10-02 02:20:29] [info] watch=Dune: Part 3 showtime=405752 selected_available=0
[26-10-02 02:20:29] [info] watch=Dune: Part 3 showtime=405753 cineplex availability call initiated
[26-10-02 02:20:29] [info] watch=Dune: Part 3 showtime=405753 selected_available=0
[26-10-02 02:20:29] [info] watch=Dune: Part 3 showtime=405754 cineplex availability call initiated
[26-10-02 02:20:29] [info] watch=Dune: Part 3 showtime=405754 selected_available=0
[26-10-02 02:20:29] [info] watch=Dune: Part 3 showtime=405755 cineplex availability call initiated
[26-10-02 02:20:29] [info] watch=Dune: Part 3 showtime=405755 selected_available=0
[26-10-02 02:20:29] [info] watch=Dune: Part 3 showtime=405760 cineplex availability call initiated
[26-10-02 02:20:30] [info] watch=Dune: Part 3 showtime=405760 selected_available=0
[26-10-02 02:20:30] [info] watch=Dune: Part 3 showtime=405761 cineplex availability call initiated
[26-10-02 02:20:30] [info] watch=Dune: Part 3 showtime=405761 selected_available=0
[26-10-02 02:20:30] [info] watch=Dune: Part 3 showtime=405765 cineplex availability call initiated
[26-10-02 02:20:30] [info] watch=Dune: Part 3 showtime=405765 selected_available=0
[26-10-02 02:20:30] [info] seat watcher scan completed watches=1 showtimes=13 failures=0 new_seats=0
[26-10-02 08:53:56] [info] seat watcher scan started
[26-10-02 08:53:56] [info] watch=Dune: Part 3 showtime=405740 cineplex availability call initiated
[26-10-02 08:53:56] [info] watch=Dune: Part 3 showtime=405740 selected_available=0
[26-10-02 08:53:56] [info] watch=Dune: Part 3 showtime=405741 cineplex availability call initiated
[26-10-02 08:53:56] [info] watch=Dune: Part 3 showtime=405741 selected_available=0
[26-10-02 08:53:56] [info] watch=Dune: Part 3 showtime=405743 cineplex availability call initiated
[26-10-02 08:53:57] [info] watch=Dune: Part 3 showtime=405743 selected_available=0
[26-10-02 08:53:57] [info] watch=Dune: Part 3 showtime=405745 cineplex availability call initiated
[26-10-02 08:53:57] [info] watch=Dune: Part 3 showtime=405745 selected_available=0
[26-10-02 08:53:57] [info] watch=Dune: Part 3 showtime=405750 cineplex availability call initiated
[26-10-02 08:53:57] [info] watch=Dune: Part 3 showtime=405750 selected_available=0
[26-10-02 08:53:57] [info] watch=Dune: Part 3 showtime=405751 cineplex availability call initiated
[26-10-02 08:53:58] [info] watch=Dune: Part 3 showtime=405751 selected_available=0
[26-10-02 08:53:58] [info] watch=Dune: Part 3 showtime=405752 cineplex availability call initiated
[26-10-02 08:53:58] [info] watch=Dune: Part 3 showtime=405752 selected_available=0
[26-10-02 08:53:58] [info] watch=Dune: Part 3 showtime=405753 cineplex availability call initiated
[26-10-02 08:53:58] [info] watch=Dune: Part 3 showtime=405753 selected_available=0
[26-10-02 08:53:58] [info] watch=Dune: Part 3 showtime=405754 cineplex availability call initiated
[26-10-02 08:53:58] [info] watch=Dune: Part 3 showtime=405754 selected_available=0
[26-10-02 08:53:58] [info] watch=Dune: Part 3 showtime=405755 cineplex availability call initiated
[26-10-02 08:53:59] [info] watch=Dune: Part 3 showtime=405755 selected_available=0
[26-10-02 08:53:59] [info] watch=Dune: Part 3 showtime=405760 cineplex availability call initiated
[26-10-02 08:53:59] [info] watch=Dune: Part 3 showtime=405760 selected_available=0
[26-10-02 08:53:59] [info] watch=Dune: Part 3 showtime=405761 cineplex availability call initiated
[26-10-02 08:54:00] [info] watch=Dune: Part 3 showtime=405761 selected_available=0
[26-10-02 08:54:00] [info] watch=Dune: Part 3 showtime=405765 cineplex availability call initiated
[26-10-02 08:54:00] [info] watch=Dune: Part 3 showtime=405765 selected_available=0
[26-10-02 08:54:00] [info] seat watcher scan completed watches=1 showtimes=13 failures=0 new_seats=0
[26-10-02 14:10:12] [info] seat watcher scan started
[26-10-02 14:10:12] [info] watch=Dune: Part 3 showtime=405740 cineplex availability call initiated
[26-10-02 14:10:13] [info] watch=Dune: Part 3 showtime=405740 selected_available=0
[26-10-02 14:10:13] [info] watch=Dune: Part 3 showtime=405741 cineplex availability call initiated
[26-10-02 14:10:13] [info] watch=Dune: Part 3 showtime=405741 selected_available=0
[26-10-02 14:10:13] [info] watch=Dune: Part 3 showtime=405743 cineplex availability call initiated
[26-10-02 14:10:13] [info] watch=Dune: Part 3 showtime=405743 selected_available=0
[26-10-02 14:10:13] [info] watch=Dune: Part 3 showtime=405745 cineplex availability call initiated
[26-10-02 14:10:13] [info] watch=Dune: Part 3 showtime=405745 selected_available=0
[26-10-02 14:10:13] [info] watch=Dune: Part 3 showtime=405750 cineplex availability call initiated
[26-10-02 14:10:14] [info] watch=Dune: Part 3 showtime=405750 selected_available=0
[26-10-02 14:10:14] [info] watch=Dune: Part 3 showtime=405751 cineplex availability call initiated
[26-10-02 14:10:14] [info] watch=Dune: Part 3 showtime=405751 selected_available=0
[26-10-02 14:10:14] [info] watch=Dune: Part 3 showtime=405752 cineplex availability call initiated
[26-10-02 14:10:14] [info] watch=Dune: Part 3 showtime=405752 selected_available=0
[26-10-02 14:10:14] [info] watch=Dune: Part 3 showtime=405753 cineplex availability call initiated
[26-10-02 14:10:14] [info] watch=Dune: Part 3 showtime=405753 selected_available=0
[26-10-02 14:10:14] [info] watch=Dune: Part 3 showtime=405754 cineplex availability call initiated
[26-10-02 14:10:15] [info] watch=Dune: Part 3 showtime=405754 selected_available=0
[26-10-02 14:10:15] [info] watch=Dune: Part 3 showtime=405755 cineplex availability call initiated
[26-10-02 14:10:15] [info] watch=Dune: Part 3 showtime=405755 selected_available=0
[26-10-02 14:10:15] [info] watch=Dune: Part 3 showtime=405760 cineplex availability call initiated
[26-10-02 14:10:15] [info] watch=Dune: Part 3 showtime=405760 selected_available=0
[26-10-02 14:10:15] [info] watch=Dune: Part 3 showtime=405761 cineplex availability call initiated
[26-10-02 14:10:15] [info] watch=Dune: Part 3 showtime=405761 selected_available=0
[26-10-02 14:10:15] [info] watch=Dune: Part 3 showtime=405765 cineplex availability call initiated
[26-10-02 14:10:16] [info] watch=Dune: Part 3 showtime=405765 selected_available=0
[26-10-02 14:10:16] [info] seat watcher scan completed watches=1 showtimes=13 failures=0 new_seats=0
[26-10-02 18:14:05] [info] seat watcher scan started
[26-10-02 18:14:05] [info] watch=Dune: Part 3 showtime=405740 cineplex availability call initiated
[26-10-02 18:14:06] [info] watch=Dune: Part 3 showtime=405740 selected_available=0
[26-10-02 18:14:06] [info] watch=Dune: Part 3 showtime=405741 cineplex availability call initiated
[26-10-02 18:14:07] [info] watch=Dune: Part 3 showtime=405741 selected_available=0
[26-10-02 18:14:07] [info] watch=Dune: Part 3 showtime=405743 cineplex availability call initiated
[26-10-02 18:14:07] [info] watch=Dune: Part 3 showtime=405743 selected_available=0
[26-10-02 18:14:07] [info] watch=Dune: Part 3 showtime=405745 cineplex availability call initiated
[26-10-02 18:14:07] [info] watch=Dune: Part 3 showtime=405745 selected_available=0
[26-10-02 18:14:07] [info] watch=Dune: Part 3 showtime=405750 cineplex availability call initiated
[26-10-02 18:14:07] [info] watch=Dune: Part 3 showtime=405750 selected_available=0
[26-10-02 18:14:07] [info] watch=Dune: Part 3 showtime=405751 cineplex availability call initiated
[26-10-02 18:14:08] [info] watch=Dune: Part 3 showtime=405751 selected_available=0
[26-10-02 18:14:08] [info] watch=Dune: Part 3 showtime=405752 cineplex availability call initiated
[26-10-02 18:14:08] [info] watch=Dune: Part 3 showtime=405752 selected_available=0
[26-10-02 18:14:08] [info] watch=Dune: Part 3 showtime=405753 cineplex availability call initiated
[26-10-02 18:14:09] [info] watch=Dune: Part 3 showtime=405753 selected_available=0
[26-10-02 18:14:09] [info] watch=Dune: Part 3 showtime=405754 cineplex availability call initiated
[26-10-02 18:14:09] [info] watch=Dune: Part 3 showtime=405754 selected_available=0
[26-10-02 18:14:09] [info] watch=Dune: Part 3 showtime=405755 cineplex availability call initiated
[26-10-02 18:14:09] [info] watch=Dune: Part 3 showtime=405755 selected_available=0
[26-10-02 18:14:09] [info] watch=Dune: Part 3 showtime=405760 cineplex availability call initiated
[26-10-02 18:14:10] [info] watch=Dune: Part 3 showtime=405760 selected_available=0
[26-10-02 18:14:10] [info] watch=Dune: Part 3 showtime=405761 cineplex availability call initiated
[26-10-02 18:14:10] [info] watch=Dune: Part 3 showtime=405761 selected_available=0
[26-10-02 18:14:10] [info] watch=Dune: Part 3 showtime=405765 cineplex availability call initiated
[26-10-02 18:14:10] [info] watch=Dune: Part 3 showtime=405765 selected_available=0
[26-10-02 18:14:10] [info] seat watcher scan completed watches=1 showtimes=13 failures=0 new_seats=0
[26-10-02 21:13:34] [info] seat watcher scan started
[26-10-02 21:13:34] [info] watch=Dune: Part 3 showtime=405740 cineplex availability call initiated
[26-10-02 21:13:34] [info] watch=Dune: Part 3 showtime=405740 selected_available=0
[26-10-02 21:13:34] [info] watch=Dune: Part 3 showtime=405741 cineplex availability call initiated
[26-10-02 21:13:34] [info] watch=Dune: Part 3 showtime=405741 selected_available=0
[26-10-02 21:13:34] [info] watch=Dune: Part 3 showtime=405743 cineplex availability call initiated
[26-10-02 21:13:35] [info] watch=Dune: Part 3 showtime=405743 selected_available=0
[26-10-02 21:13:35] [info] watch=Dune: Part 3 showtime=405745 cineplex availability call initiated
[26-10-02 21:13:35] [info] watch=Dune: Part 3 showtime=405745 selected_available=0
[26-10-02 21:13:35] [info] watch=Dune: Part 3 showtime=405750 cineplex availability call initiated
[26-10-02 21:13:36] [info] watch=Dune: Part 3 showtime=405750 selected_available=0
[26-10-02 21:13:36] [info] watch=Dune: Part 3 showtime=405751 cineplex availability call initiated
[26-10-02 21:13:36] [info] watch=Dune: Part 3 showtime=405751 selected_available=0
[26-10-02 21:13:36] [info] watch=Dune: Part 3 showtime=405752 cineplex availability call initiated
[26-10-02 21:13:36] [info] watch=Dune: Part 3 showtime=405752 selected_available=0
[26-10-02 21:13:36] [info] watch=Dune: Part 3 showtime=405753 cineplex availability call initiated
[26-10-02 21:13:37] [info] watch=Dune: Part 3 showtime=405753 selected_available=0
[26-10-02 21:13:37] [info] watch=Dune: Part 3 showtime=405754 cineplex availability call initiated
[26-10-02 21:13:37] [info] watch=Dune: Part 3 showtime=405754 selected_available=0
[26-10-02 21:13:37] [info] watch=Dune: Part 3 showtime=405755 cineplex availability call initiated
[26-10-02 21:13:38] [info] watch=Dune: Part 3 showtime=405755 selected_available=0
[26-10-02 21:13:38] [info] watch=Dune: Part 3 showtime=405760 cineplex availability call initiated
[26-10-02 21:13:38] [info] watch=Dune: Part 3 showtime=405760 selected_available=0
[26-10-02 21:13:38] [info] watch=Dune: Part 3 showtime=405761 cineplex availability call initiated
[26-10-02 21:13:38] [info] watch=Dune: Part 3 showtime=405761 selected_available=0
[26-10-02 21:13:38] [info] watch=Dune: Part 3 showtime=405765 cineplex availability call initiated
[26-10-02 21:13:39] [info] watch=Dune: Part 3 showtime=405765 selected_available=0
[26-10-02 21:13:39] [info] seat watcher scan completed watches=1 showtimes=13 failures=0 new_seats=0
[26-10-03 02:35:58] [info] seat watcher scan started
[26-10-03 02:35:58] [info] watch=Dune: Part 3 showtime=405740 cineplex availability call initiated
[26-10-03 02:35:58] [info] watch=Dune: Part 3 showtime=405740 selected_available=0
[26-10-03 02:35:58] [info] watch=Dune: Part 3 showtime=405741 cineplex availability call initiated
[26-10-03 02:35:59] [info] watch=Dune: Part 3 showtime=405741 selected_available=0
[26-10-03 02:35:59] [info] watch=Dune: Part 3 showtime=405743 cineplex availability call initiated
[26-10-03 02:35:59] [info] watch=Dune: Part 3 showtime=405743 selected_available=0
[26-10-03 02:35:59] [info] watch=Dune: Part 3 showtime=405745 cineplex availability call initiated
[26-10-03 02:35:59] [info] watch=Dune: Part 3 showtime=405745 selected_available=0
[26-10-03 02:35:59] [info] watch=Dune: Part 3 showtime=405750 cineplex availability call initiated
[26-10-03 02:35:59] [info] watch=Dune: Part 3 showtime=405750 selected_available=0
[26-10-03 02:35:59] [info] watch=Dune: Part 3 showtime=405751 cineplex availability call initiated
[26-10-03 02:36:00] [info] watch=Dune: Part 3 showtime=405751 selected_available=0
[26-10-03 02:36:00] [info] watch=Dune: Part 3 showtime=405752 cineplex availability call initiated
[26-10-03 02:36:00] [info] watch=Dune: Part 3 showtime=405752 selected_available=0
[26-10-03 02:36:00] [info] watch=Dune: Part 3 showtime=405753 cineplex availability call initiated
[26-10-03 02:36:00] [info] watch=Dune: Part 3 showtime=405753 selected_available=0
[26-10-03 02:36:00] [info] watch=Dune: Part 3 showtime=405754 cineplex availability call initiated
[26-10-03 02:36:01] [info] watch=Dune: Part 3 showtime=405754 selected_available=0
[26-10-03 02:36:01] [info] watch=Dune: Part 3 showtime=405755 cineplex availability call initiated
[26-10-03 02:36:01] [info] watch=Dune: Part 3 showtime=405755 selected_available=0
[26-10-03 02:36:01] [info] watch=Dune: Part 3 showtime=405760 cineplex availability call initiated
[26-10-03 02:36:01] [info] watch=Dune: Part 3 showtime=405760 selected_available=0
[26-10-03 02:36:01] [info] watch=Dune: Part 3 showtime=405761 cineplex availability call initiated
[26-10-03 02:36:02] [info] watch=Dune: Part 3 showtime=405761 selected_available=0
[26-10-03 02:36:02] [info] watch=Dune: Part 3 showtime=405765 cineplex availability call initiated
[26-10-03 02:36:02] [info] watch=Dune: Part 3 showtime=405765 selected_available=0
[26-10-03 02:36:02] [info] seat watcher scan completed watches=1 showtimes=13 failures=0 new_seats=0
[26-10-03 08:00:13] [info] seat watcher scan started
[26-10-03 08:00:13] [info] watch=Dune: Part 3 showtime=405740 cineplex availability call initiated
[26-10-03 08:00:14] [info] watch=Dune: Part 3 showtime=405740 selected_available=0
[26-10-03 08:00:14] [info] watch=Dune: Part 3 showtime=405741 cineplex availability call initiated
[26-10-03 08:00:14] [info] watch=Dune: Part 3 showtime=405741 selected_available=0
[26-10-03 08:00:14] [info] watch=Dune: Part 3 showtime=405743 cineplex availability call initiated
[26-10-03 08:00:14] [info] watch=Dune: Part 3 showtime=405743 selected_available=0
[26-10-03 08:00:14] [info] watch=Dune: Part 3 showtime=405745 cineplex availability call initiated
[26-10-03 08:00:14] [info] watch=Dune: Part 3 showtime=405745 selected_available=0
[26-10-03 08:00:14] [info] watch=Dune: Part 3 showtime=405750 cineplex availability call initiated
[26-10-03 08:00:14] [info] watch=Dune: Part 3 showtime=405750 selected_available=0
[26-10-03 08:00:14] [info] watch=Dune: Part 3 showtime=405751 cineplex availability call initiated
[26-10-03 08:00:15] [info] watch=Dune: Part 3 showtime=405751 selected_available=0
[26-10-03 08:00:15] [info] watch=Dune: Part 3 showtime=405752 cineplex availability call initiated
[26-10-03 08:00:15] [info] watch=Dune: Part 3 showtime=405752 selected_available=0
[26-10-03 08:00:15] [info] watch=Dune: Part 3 showtime=405753 cineplex availability call initiated
[26-10-03 08:00:15] [info] watch=Dune: Part 3 showtime=405753 selected_available=0
[26-10-03 08:00:15] [info] watch=Dune: Part 3 showtime=405754 cineplex availability call initiated
[26-10-03 08:00:15] [info] watch=Dune: Part 3 showtime=405754 selected_available=0
[26-10-03 08:00:15] [info] watch=Dune: Part 3 showtime=405755 cineplex availability call initiated
[26-10-03 08:00:15] [info] watch=Dune: Part 3 showtime=405755 selected_available=0
[26-10-03 08:00:15] [info] watch=Dune: Part 3 showtime=405760 cineplex availability call initiated
[26-10-03 08:00:16] [info] watch=Dune: Part 3 showtime=405760 selected_available=0
[26-10-03 08:00:16] [info] watch=Dune: Part 3 showtime=405761 cineplex availability call initiated
[26-10-03 08:00:16] [info] watch=Dune: Part 3 showtime=405761 selected_available=0
[26-10-03 08:00:16] [info] watch=Dune: Part 3 showtime=405765 cineplex availability call initiated
[26-10-03 08:00:16] [info] watch=Dune: Part 3 showtime=405765 selected_available=0
[26-10-03 08:00:16] [info] seat watcher scan completed watches=1 showtimes=13 failures=0 new_seats=0
[26-10-03 12:08:44] [info] seat watcher scan started
[26-10-03 12:08:44] [info] watch=Dune: Part 3 showtime=405740 cineplex availability call initiated
[26-10-03 12:08:45] [info] watch=Dune: Part 3 showtime=405740 selected_available=0
[26-10-03 12:08:45] [info] watch=Dune: Part 3 showtime=405741 cineplex availability call initiated
[26-10-03 12:08:45] [info] watch=Dune: Part 3 showtime=405741 selected_available=0
[26-10-03 12:08:45] [info] watch=Dune: Part 3 showtime=405743 cineplex availability call initiated
[26-10-03 12:08:46] [info] watch=Dune: Part 3 showtime=405743 selected_available=0
[26-10-03 12:08:46] [info] watch=Dune: Part 3 showtime=405745 cineplex availability call initiated
[26-10-03 12:08:46] [info] watch=Dune: Part 3 showtime=405745 selected_available=0
[26-10-03 12:08:46] [info] watch=Dune: Part 3 showtime=405750 cineplex availability call initiated
[26-10-03 12:08:46] [info] watch=Dune: Part 3 showtime=405750 selected_available=0
[26-10-03 12:08:46] [info] watch=Dune: Part 3 showtime=405751 cineplex availability call initiated
[26-10-03 12:08:47] [info] watch=Dune: Part 3 showtime=405751 selected_available=0
[26-10-03 12:08:47] [info] watch=Dune: Part 3 showtime=405752 cineplex availability call initiated
[26-10-03 12:08:47] [info] watch=Dune: Part 3 showtime=405752 selected_available=0
[26-10-03 12:08:47] [info] watch=Dune: Part 3 showtime=405753 cineplex availability call initiated
[26-10-03 12:08:47] [info] watch=Dune: Part 3 showtime=405753 selected_available=0
[26-10-03 12:08:47] [info] watch=Dune: Part 3 showtime=405754 cineplex availability call initiated
[26-10-03 12:08:47] [info] watch=Dune: Part 3 showtime=405754 selected_available=0
[26-10-03 12:08:47] [info] watch=Dune: Part 3 showtime=405755 cineplex availability call initiated
[26-10-03 12:08:48] [info] watch=Dune: Part 3 showtime=405755 selected_available=0
[26-10-03 12:08:48] [info] watch=Dune: Part 3 showtime=405760 cineplex availability call initiated
[26-10-03 12:08:48] [info] watch=Dune: Part 3 showtime=405760 selected_available=0
[26-10-03 12:08:48] [info] watch=Dune: Part 3 showtime=405761 cineplex availability call initiated
[26-10-03 12:08:48] [info] watch=Dune: Part 3 showtime=405761 selected_available=0
[26-10-03 12:08:48] [info] watch=Dune: Part 3 showtime=405765 cineplex availability call initiated
[26-10-03 12:08:49] [info] watch=Dune: Part 3 showtime=405765 selected_available=0
[26-10-03 12:08:49] [info] seat watcher scan completed watches=1 showtimes=13 failures=0 new_seats=0
[26-10-03 15:12:33] [info] seat watcher scan started
[26-10-03 15:12:33] [info] watch=Dune: Part 3 showtime=405740 cineplex availability call initiated
[26-10-03 15:12:34] [info] watch=Dune: Part 3 showtime=405740 selected_available=0
[26-10-03 15:12:34] [info] watch=Dune: Part 3 showtime=405741 cineplex availability call initiated
[26-10-03 15:12:34] [info] watch=Dune: Part 3 showtime=405741 selected_available=0
[26-10-03 15:12:34] [info] watch=Dune: Part 3 showtime=405743 cineplex availability call initiated
[26-10-03 15:12:34] [info] watch=Dune: Part 3 showtime=405743 selected_available=0
[26-10-03 15:12:34] [info] watch=Dune: Part 3 showtime=405745 cineplex availability call initiated
[26-10-03 15:12:34] [info] watch=Dune: Part 3 showtime=405745 selected_available=0
[26-10-03 15:12:34] [info] watch=Dune: Part 3 showtime=405750 cineplex availability call initiated
[26-10-03 15:12:35] [info] watch=Dune: Part 3 showtime=405750 selected_available=0
[26-10-03 15:12:35] [info] watch=Dune: Part 3 showtime=405751 cineplex availability call initiated
[26-10-03 15:12:35] [info] watch=Dune: Part 3 showtime=405751 selected_available=0
[26-10-03 15:12:35] [info] watch=Dune: Part 3 showtime=405752 cineplex availability call initiated
[26-10-03 15:12:35] [info] watch=Dune: Part 3 showtime=405752 selected_available=0
[26-10-03 15:12:35] [info] watch=Dune: Part 3 showtime=405753 cineplex availability call initiated
[26-10-03 15:12:35] [info] watch=Dune: Part 3 showtime=405753 selected_available=0
[26-10-03 15:12:35] [info] watch=Dune: Part 3 showtime=405754 cineplex availability call initiated
[26-10-03 15:12:36] [info] watch=Dune: Part 3 showtime=405754 selected_available=0
[26-10-03 15:12:36] [info] watch=Dune: Part 3 showtime=405755 cineplex availability call initiated
[26-10-03 15:12:36] [info] watch=Dune: Part 3 showtime=405755 selected_available=0
[26-10-03 15:12:36] [info] watch=Dune: Part 3 showtime=405760 cineplex availability call initiated
[26-10-03 15:12:36] [info] watch=Dune: Part 3 showtime=405760 selected_available=0
[26-10-03 15:12:36] [info] watch=Dune: Part 3 showtime=405761 cineplex availability call initiated
[26-10-03 15:12:36] [info] watch=Dune: Part 3 showtime=405761 selected_available=0
[26-10-03 15:12:36] [info] watch=Dune: Part 3 showtime=405765 cineplex availability call initiated
[26-10-03 15:12:37] [info] watch=Dune: Part 3 showtime=405765 selected_available=0
[26-10-03 15:12:37] [info] seat watcher scan completed watches=1 showtimes=13 failures=0 new_seats=0
[26-10-03 18:08:56] [info] seat watcher scan started
[26-10-03 18:08:56] [info] watch=Dune: Part 3 showtime=405740 cineplex availability call initiated
[26-10-03 18:08:56] [info] watch=Dune: Part 3 showtime=405740 selected_available=0
[26-10-03 18:08:56] [info] watch=Dune: Part 3 showtime=405741 cineplex availability call initiated
[26-10-03 18:08:56] [info] watch=Dune: Part 3 showtime=405741 selected_available=0
[26-10-03 18:08:56] [info] watch=Dune: Part 3 showtime=405743 cineplex availability call initiated
[26-10-03 18:08:56] [info] watch=Dune: Part 3 showtime=405743 selected_available=0
[26-10-03 18:08:56] [info] watch=Dune: Part 3 showtime=405745 cineplex availability call initiated
[26-10-03 18:08:56] [info] watch=Dune: Part 3 showtime=405745 selected_available=0
[26-10-03 18:08:56] [info] watch=Dune: Part 3 showtime=405750 cineplex availability call initiated
[26-10-03 18:08:57] [info] watch=Dune: Part 3 showtime=405750 selected_available=0
[26-10-03 18:08:57] [info] watch=Dune: Part 3 showtime=405751 cineplex availability call initiated
[26-10-03 18:08:57] [info] watch=Dune: Part 3 showtime=405751 selected_available=0
[26-10-03 18:08:57] [info] watch=Dune: Part 3 showtime=405752 cineplex availability call initiated
[26-10-03 18:08:57] [info] watch=Dune: Part 3 showtime=405752 selected_available=0
[26-10-03 18:08:57] [info] watch=Dune: Part 3 showtime=405753 cineplex availability call initiated
[26-10-03 18:08:57] [info] watch=Dune: Part 3 showtime=405753 selected_available=0
[26-10-03 18:08:57] [info] watch=Dune: Part 3 showtime=405754 cineplex availability call initiated
[26-10-03 18:08:58] [info] watch=Dune: Part 3 showtime=405754 selected_available=0
[26-10-03 18:08:58] [info] watch=Dune: Part 3 showtime=405755 cineplex availability call initiated
[26-10-03 18:08:58] [info] watch=Dune: Part 3 showtime=405755 selected_available=0
[26-10-03 18:08:58] [info] watch=Dune: Part 3 showtime=405760 cineplex availability call initiated
[26-10-03 18:08:58] [info] watch=Dune: Part 3 showtime=405760 selected_available=0
[26-10-03 18:08:58] [info] watch=Dune: Part 3 showtime=405761 cineplex availability call initiated
[26-10-03 18:08:58] [info] watch=Dune: Part 3 showtime=405761 selected_available=0
[26-10-03 18:08:58] [info] watch=Dune: Part 3 showtime=405765 cineplex availability call initiated
[26-10-03 18:08:59] [info] watch=Dune: Part 3 showtime=405765 selected_available=0
[26-10-03 18:08:59] [info] seat watcher scan completed watches=1 showtimes=13 failures=0 new_seats=0
[26-10-03 20:36:30] [info] seat watcher scan started
[26-10-03 20:36:30] [info] watch=Dune: Part 3 showtime=405740 cineplex availability call initiated
[26-10-03 20:36:31] [info] watch=Dune: Part 3 showtime=405740 selected_available=0
[26-10-03 20:36:31] [info] watch=Dune: Part 3 showtime=405741 cineplex availability call initiated
[26-10-03 20:36:31] [info] watch=Dune: Part 3 showtime=405741 selected_available=0
[26-10-03 20:36:31] [info] watch=Dune: Part 3 showtime=405743 cineplex availability call initiated
[26-10-03 20:36:32] [info] watch=Dune: Part 3 showtime=405743 selected_available=0
[26-10-03 20:36:32] [info] watch=Dune: Part 3 showtime=405745 cineplex availability call initiated
[26-10-03 20:36:32] [info] watch=Dune: Part 3 showtime=405745 selected_available=0
[26-10-03 20:36:32] [info] watch=Dune: Part 3 showtime=405750 cineplex availability call initiated
[26-10-03 20:36:32] [info] watch=Dune: Part 3 showtime=405750 selected_available=0
[26-10-03 20:36:32] [info] watch=Dune: Part 3 showtime=405751 cineplex availability call initiated
[26-10-03 20:36:33] [info] watch=Dune: Part 3 showtime=405751 selected_available=0
[26-10-03 20:36:33] [info] watch=Dune: Part 3 showtime=405752 cineplex availability call initiated
[26-10-03 20:36:33] [info] watch=Dune: Part 3 showtime=405752 selected_available=0
[26-10-03 20:36:33] [info] watch=Dune: Part 3 showtime=405753 cineplex availability call initiated
[26-10-03 20:36:33] [info] watch=Dune: Part 3 showtime=405753 selected_available=0
[26-10-03 20:36:33] [info] watch=Dune: Part 3 showtime=405754 cineplex availability call initiated
[26-10-03 20:36:33] [info] watch=Dune: Part 3 showtime=405754 selected_available=0
[26-10-03 20:36:33] [info] watch=Dune: Part 3 showtime=405755 cineplex availability call initiated
[26-10-03 20:36:34] [info] watch=Dune: Part 3 showtime=405755 selected_available=0
[26-10-03 20:36:34] [info] watch=Dune: Part 3 showtime=405760 cineplex availability call initiated
[26-10-03 20:36:34] [info] watch=Dune: Part 3 showtime=405760 selected_available=0
[26-10-03 20:36:34] [info] watch=Dune: Part 3 showtime=405761 cineplex availability call initiated
[26-10-03 20:36:35] [info] watch=Dune: Part 3 showtime=405761 selected_available=0
[26-10-03 20:36:35] [info] watch=Dune: Part 3 showtime=405765 cineplex availability call initiated
[26-10-03 20:36:35] [info] watch=Dune: Part 3 showtime=405765 selected_available=0
[26-10-03 20:36:35] [info] seat watcher scan completed watches=1 showtimes=13 failures=0 new_seats=0
[26-10-04 02:19:30] [info] seat watcher scan started
[26-10-04 02:19:30] [info] watch=Dune: Part 3 showtime=405740 cineplex availability call initiated
[26-10-04 02:19:30] [info] watch=Dune: Part 3 showtime=405740 selected_available=0
[26-10-04 02:19:30] [info] watch=Dune: Part 3 showtime=405741 cineplex availability call initiated
[26-10-04 02:19:31] [info] watch=Dune: Part 3 showtime=405741 selected_available=0
[26-10-04 02:19:31] [info] watch=Dune: Part 3 showtime=405743 cineplex availability call initiated
[26-10-04 02:19:31] [info] watch=Dune: Part 3 showtime=405743 selected_available=0
[26-10-04 02:19:31] [info] watch=Dune: Part 3 showtime=405745 cineplex availability call initiated
[26-10-04 02:19:31] [info] watch=Dune: Part 3 showtime=405745 selected_available=0
[26-10-04 02:19:31] [info] watch=Dune: Part 3 showtime=405750 cineplex availability call initiated
[26-10-04 02:19:31] [info] watch=Dune: Part 3 showtime=405750 selected_available=0
[26-10-04 02:19:31] [info] watch=Dune: Part 3 showtime=405751 cineplex availability call initiated
[26-10-04 02:19:32] [info] watch=Dune: Part 3 showtime=405751 selected_available=0
[26-10-04 02:19:32] [info] watch=Dune: Part 3 showtime=405752 cineplex availability call initiated
[26-10-04 02:19:32] [info] watch=Dune: Part 3 showtime=405752 selected_available=0
[26-10-04 02:19:32] [info] watch=Dune: Part 3 showtime=405753 cineplex availability call initiated
[26-10-04 02:19:32] [info] watch=Dune: Part 3 showtime=405753 selected_available=0
[26-10-04 02:19:32] [info] watch=Dune: Part 3 showtime=405754 cineplex availability call initiated
[26-10-04 02:19:32] [info] watch=Dune: Part 3 showtime=405754 selected_available=0
[26-10-04 02:19:32] [info] watch=Dune: Part 3 showtime=405755 cineplex availability call initiated
[26-10-04 02:19:33] [info] watch=Dune: Part 3 showtime=405755 selected_available=0
[26-10-04 02:19:33] [info] watch=Dune: Part 3 showtime=405760 cineplex availability call initiated
[26-10-04 02:19:33] [info] watch=Dune: Part 3 showtime=405760 selected_available=0
[26-10-04 02:19:33] [info] watch=Dune: Part 3 showtime=405761 cineplex availability call initiated
[26-10-04 02:19:33] [info] watch=Dune: Part 3 showtime=405761 selected_available=0
[26-10-04 02:19:33] [info] watch=Dune: Part 3 showtime=405765 cineplex availability call initiated
[26-10-04 02:19:33] [info] watch=Dune: Part 3 showtime=405765 selected_available=0
[26-10-04 02:19:33] [info] seat watcher scan completed watches=1 showtimes=13 failures=0 new_seats=0
[26-10-04 08:33:58] [info] seat watcher scan started
[26-10-04 08:33:58] [info] watch=Dune: Part 3 showtime=405740 cineplex availability call initiated
[26-10-04 08:33:59] [info] watch=Dune: Part 3 showtime=405740 selected_available=0
[26-10-04 08:33:59] [info] watch=Dune: Part 3 showtime=405741 cineplex availability call initiated
[26-10-04 08:33:59] [info] watch=Dune: Part 3 showtime=405741 selected_available=0
[26-10-04 08:33:59] [info] watch=Dune: Part 3 showtime=405743 cineplex availability call initiated
[26-10-04 08:33:59] [info] watch=Dune: Part 3 showtime=405743 selected_available=0
[26-10-04 08:33:59] [info] watch=Dune: Part 3 showtime=405745 cineplex availability call initiated
[26-10-04 08:33:59] [info] watch=Dune: Part 3 showtime=405745 selected_available=0
[26-10-04 08:33:59] [info] watch=Dune: Part 3 showtime=405750 cineplex availability call initiated
[26-10-04 08:33:59] [info] watch=Dune: Part 3 showtime=405750 selected_available=0
[26-10-04 08:33:59] [info] watch=Dune: Part 3 showtime=405751 cineplex availability call initiated
[26-10-04 08:34:00] [info] watch=Dune: Part 3 showtime=405751 selected_available=0
[26-10-04 08:34:00] [info] watch=Dune: Part 3 showtime=405752 cineplex availability call initiated
[26-10-04 08:34:00] [info] watch=Dune: Part 3 showtime=405752 selected_available=0
[26-10-04 08:34:00] [info] watch=Dune: Part 3 showtime=405753 cineplex availability call initiated
[26-10-04 08:34:00] [info] watch=Dune: Part 3 showtime=405753 selected_available=0
[26-10-04 08:34:00] [info] watch=Dune: Part 3 showtime=405754 cineplex availability call initiated
[26-10-04 08:34:00] [info] watch=Dune: Part 3 showtime=405754 selected_available=0
[26-10-04 08:34:00] [info] watch=Dune: Part 3 showtime=405755 cineplex availability call initiated
[26-10-04 08:34:00] [info] watch=Dune: Part 3 showtime=405755 selected_available=0
[26-10-04 08:34:00] [info] watch=Dune: Part 3 showtime=405760 cineplex availability call initiated
[26-10-04 08:34:01] [info] watch=Dune: Part 3 showtime=405760 selected_available=0
[26-10-04 08:34:01] [info] watch=Dune: Part 3 showtime=405761 cineplex availability call initiated
[26-10-04 08:34:01] [info] watch=Dune: Part 3 showtime=405761 selected_available=0
[26-10-04 08:34:01] [info] watch=Dune: Part 3 showtime=405765 cineplex availability call initiated
[26-10-04 08:34:01] [info] watch=Dune: Part 3 showtime=405765 selected_available=0
[26-10-04 08:34:01] [info] seat watcher scan completed watches=1 showtimes=13 failures=0 new_seats=0
[26-10-04 13:00:01] [info] seat watcher scan started
[26-10-04 13:00:01] [info] watch=Dune: Part 3 showtime=405740 cineplex availability call initiated
[26-10-04 13:00:01] [info] watch=Dune: Part 3 showtime=405740 selected_available=0
[26-10-04 13:00:01] [info] watch=Dune: Part 3 showtime=405741 cineplex availability call initiated
[26-10-04 13:00:02] [info] watch=Dune: Part 3 showtime=405741 selected_available=0
[26-10-04 13:00:02] [info] watch=Dune: Part 3 showtime=405743 cineplex availability call initiated
[26-10-04 13:00:02] [info] watch=Dune: Part 3 showtime=405743 selected_available=0
[26-10-04 13:00:02] [info] watch=Dune: Part 3 showtime=405745 cineplex availability call initiated
[26-10-04 13:00:02] [info] watch=Dune: Part 3 showtime=405745 selected_available=0
[26-10-04 13:00:02] [info] watch=Dune: Part 3 showtime=405750 cineplex availability call initiated
[26-10-04 13:00:02] [info] watch=Dune: Part 3 showtime=405750 selected_available=0
[26-10-04 13:00:02] [info] watch=Dune: Part 3 showtime=405751 cineplex availability call initiated
[26-10-04 13:00:03] [info] watch=Dune: Part 3 showtime=405751 selected_available=0
[26-10-04 13:00:03] [info] watch=Dune: Part 3 showtime=405752 cineplex availability call initiated
[26-10-04 13:00:03] [info] watch=Dune: Part 3 showtime=405752 selected_available=0
[26-10-04 13:00:03] [info] watch=Dune: Part 3 showtime=405753 cineplex availability call initiated
[26-10-04 13:00:04] [info] watch=Dune: Part 3 showtime=405753 selected_available=0
[26-10-04 13:00:04] [info] watch=Dune: Part 3 showtime=405754 cineplex availability call initiated
[26-10-04 13:00:04] [info] watch=Dune: Part 3 showtime=405754 selected_available=0
[26-10-04 13:00:04] [info] watch=Dune: Part 3 showtime=405755 cineplex availability call initiated
[26-10-04 13:00:04] [info] watch=Dune: Part 3 showtime=405755 selected_available=0
[26-10-04 13:00:04] [info] watch=Dune: Part 3 showtime=405760 cineplex availability call initiated
[26-10-04 13:00:05] [info] watch=Dune: Part 3 showtime=405760 selected_available=0
[26-10-04 13:00:05] [info] watch=Dune: Part 3 showtime=405761 cineplex availability call initiated
[26-10-04 13:00:05] [info] watch=Dune: Part 3 showtime=405761 selected_available=0
[26-10-04 13:00:05] [info] watch=Dune: Part 3 showtime=405765 cineplex availability call initiated
[26-10-04 13:00:05] [info] watch=Dune: Part 3 showtime=405765 selected_available=0
[26-10-04 13:00:05] [info] seat watcher scan completed watches=1 showtimes=13 failures=0 new_seats=0
[26-10-04 16:03:23] [info] seat watcher scan started
[26-10-04 16:03:23] [info] watch=Dune: Part 3 showtime=405740 cineplex availability call initiated
[26-10-04 16:03:24] [info] watch=Dune: Part 3 showtime=405740 selected_available=0
[26-10-04 16:03:24] [info] watch=Dune: Part 3 showtime=405741 cineplex availability call initiated
[26-10-04 16:03:24] [info] watch=Dune: Part 3 showtime=405741 selected_available=0
[26-10-04 16:03:24] [info] watch=Dune: Part 3 showtime=405743 cineplex availability call initiated
[26-10-04 16:03:24] [info] watch=Dune: Part 3 showtime=405743 selected_available=0
[26-10-04 16:03:24] [info] watch=Dune: Part 3 showtime=405745 cineplex availability call initiated
[26-10-04 16:03:25] [info] watch=Dune: Part 3 showtime=405745 selected_available=0
[26-10-04 16:03:25] [info] watch=Dune: Part 3 showtime=405750 cineplex availability call initiated
[26-10-04 16:03:25] [info] watch=Dune: Part 3 showtime=405750 selected_available=0
[26-10-04 16:03:25] [info] watch=Dune: Part 3 showtime=405751 cineplex availability call initiated
[26-10-04 16:03:25] [info] watch=Dune: Part 3 showtime=405751 selected_available=0
[26-10-04 16:03:25] [info] watch=Dune: Part 3 showtime=405752 cineplex availability call initiated
[26-10-04 16:03:26] [info] watch=Dune: Part 3 showtime=405752 selected_available=0
[26-10-04 16:03:26] [info] watch=Dune: Part 3 showtime=405753 cineplex availability call initiated
[26-10-04 16:03:26] [info] watch=Dune: Part 3 showtime=405753 selected_available=0
[26-10-04 16:03:26] [info] watch=Dune: Part 3 showtime=405754 cineplex availability call initiated
[26-10-04 16:03:26] [info] watch=Dune: Part 3 showtime=405754 selected_available=0
[26-10-04 16:03:26] [info] watch=Dune: Part 3 showtime=405755 cineplex availability call initiated
[26-10-04 16:03:27] [info] watch=Dune: Part 3 showtime=405755 selected_available=0
[26-10-04 16:03:27] [info] watch=Dune: Part 3 showtime=405760 cineplex availability call initiated
[26-10-04 16:03:27] [info] watch=Dune: Part 3 showtime=405760 selected_available=0
[26-10-04 16:03:27] [info] watch=Dune: Part 3 showtime=405761 cineplex availability call initiated
[26-10-04 16:03:27] [info] watch=Dune: Part 3 showtime=405761 selected_available=0
[26-10-04 16:03:27] [info] watch=Dune: Part 3 showtime=405765 cineplex availability call initiated
[26-10-04 16:03:28] [info] watch=Dune: Part 3 showtime=405765 selected_available=0
[26-10-04 16:03:28] [info] seat watcher scan completed watches=1 showtimes=13 failures=0 new_seats=0
[26-10-04 19:01:57] [info] seat watcher scan started
[26-10-04 19:01:57] [info] watch=Dune: Part 3 showtime=405740 cineplex availability call initiated
[26-10-04 19:01:57] [info] watch=Dune: Part 3 showtime=405740 selected_available=0
[26-10-04 19:01:57] [info] watch=Dune: Part 3 showtime=405741 cineplex availability call initiated
[26-10-04 19:01:58] [info] watch=Dune: Part 3 showtime=405741 selected_available=0
[26-10-04 19:01:58] [info] watch=Dune: Part 3 showtime=405743 cineplex availability call initiated
[26-10-04 19:01:58] [info] watch=Dune: Part 3 showtime=405743 selected_available=0
[26-10-04 19:01:58] [info] watch=Dune: Part 3 showtime=405745 cineplex availability call initiated
[26-10-04 19:01:58] [info] watch=Dune: Part 3 showtime=405745 selected_available=0
[26-10-04 19:01:58] [info] watch=Dune: Part 3 showtime=405750 cineplex availability call initiated
[26-10-04 19:01:59] [info] watch=Dune: Part 3 showtime=405750 selected_available=0
[26-10-04 19:01:59] [info] watch=Dune: Part 3 showtime=405751 cineplex availability call initiated
[26-10-04 19:01:59] [info] watch=Dune: Part 3 showtime=405751 selected_available=0
[26-10-04 19:01:59] [info] watch=Dune: Part 3 showtime=405752 cineplex availability call initiated
[26-10-04 19:01:59] [info] watch=Dune: Part 3 showtime=405752 selected_available=0
[26-10-04 19:01:59] [info] watch=Dune: Part 3 showtime=405753 cineplex availability call initiated
[26-10-04 19:01:59] [info] watch=Dune: Part 3 showtime=405753 selected_available=0
[26-10-04 19:01:59] [info] watch=Dune: Part 3 showtime=405754 cineplex availability call initiated
[26-10-04 19:02:00] [info] watch=Dune: Part 3 showtime=405754 selected_available=0
[26-10-04 19:02:00] [info] watch=Dune: Part 3 showtime=405755 cineplex availability call initiated
[26-10-04 19:02:00] [info] watch=Dune: Part 3 showtime=405755 selected_available=0
[26-10-04 19:02:00] [info] watch=Dune: Part 3 showtime=405760 cineplex availability call initiated
[26-10-04 19:02:00] [info] watch=Dune: Part 3 showtime=405760 selected_available=0
[26-10-04 19:02:00] [info] watch=Dune: Part 3 showtime=405761 cineplex availability call initiated
[26-10-04 19:02:00] [info] watch=Dune: Part 3 showtime=405761 selected_available=0
[26-10-04 19:02:00] [info] watch=Dune: Part 3 showtime=405765 cineplex availability call initiated
[26-10-04 19:02:01] [info] watch=Dune: Part 3 showtime=405765 selected_available=0
[26-10-04 19:02:01] [info] seat watcher scan completed watches=1 showtimes=13 failures=0 new_seats=0
[26-10-04 21:52:00] [info] seat watcher scan started
[26-10-04 21:52:00] [info] watch=Dune: Part 3 showtime=405740 cineplex availability call initiated
[26-10-04 21:52:00] [info] watch=Dune: Part 3 showtime=405740 selected_available=0
[26-10-04 21:52:00] [info] watch=Dune: Part 3 showtime=405741 cineplex availability call initiated
[26-10-04 21:52:01] [info] watch=Dune: Part 3 showtime=405741 selected_available=0
[26-10-04 21:52:01] [info] watch=Dune: Part 3 showtime=405743 cineplex availability call initiated
[26-10-04 21:52:01] [info] watch=Dune: Part 3 showtime=405743 selected_available=0
[26-10-04 21:52:01] [info] watch=Dune: Part 3 showtime=405745 cineplex availability call initiated
[26-10-04 21:52:01] [info] watch=Dune: Part 3 showtime=405745 selected_available=0
[26-10-04 21:52:01] [info] watch=Dune: Part 3 showtime=405750 cineplex availability call initiated
[26-10-04 21:52:02] [info] watch=Dune: Part 3 showtime=405750 selected_available=0
[26-10-04 21:52:02] [info] watch=Dune: Part 3 showtime=405751 cineplex availability call initiated
[26-10-04 21:52:02] [info] watch=Dune: Part 3 showtime=405751 selected_available=0
[26-10-04 21:52:02] [info] watch=Dune: Part 3 showtime=405752 cineplex availability call initiated
[26-10-04 21:52:03] [info] watch=Dune: Part 3 showtime=405752 selected_available=0
[26-10-04 21:52:03] [info] watch=Dune: Part 3 showtime=405753 cineplex availability call initiated
[26-10-04 21:52:03] [info] watch=Dune: Part 3 showtime=405753 selected_available=0
[26-10-04 21:52:03] [info] watch=Dune: Part 3 showtime=405754 cineplex availability call initiated
[26-10-04 21:52:03] [info] watch=Dune: Part 3 showtime=405754 selected_available=0
[26-10-04 21:52:03] [info] watch=Dune: Part 3 showtime=405755 cineplex availability call initiated
[26-10-04 21:52:04] [info] watch=Dune: Part 3 showtime=405755 selected_available=0
[26-10-04 21:52:04] [info] watch=Dune: Part 3 showtime=405760 cineplex availability call initiated
[26-10-04 21:52:04] [info] watch=Dune: Part 3 showtime=405760 selected_available=0
[26-10-04 21:52:04] [info] watch=Dune: Part 3 showtime=405761 cineplex availability call initiated
[26-10-04 21:52:04] [info] watch=Dune: Part 3 showtime=405761 selected_available=0
[26-10-04 21:52:04] [info] watch=Dune: Part 3 showtime=405765 cineplex availability call initiated
[26-10-04 21:52:05] [info] watch=Dune: Part 3 showtime=405765 selected_available=0
[26-10-04 21:52:05] [info] seat watcher scan completed watches=1 showtimes=13 failures=0 new_seats=0
[26-10-05 03:56:55] [info] seat watcher scan started
[26-10-05 03:56:55] [info] watch=Dune: Part 3 showtime=405740 cineplex availability call initiated
[26-10-05 03:56:56] [info] watch=Dune: Part 3 showtime=405740 selected_available=0
[26-10-05 03:56:56] [info] watch=Dune: Part 3 showtime=405741 cineplex availability call initiated
[26-10-05 03:56:56] [info] watch=Dune: Part 3 showtime=405741 selected_available=0
[26-10-05 03:56:56] [info] watch=Dune: Part 3 showtime=405743 cineplex availability call initiated
[26-10-05 03:56:57] [info] watch=Dune: Part 3 showtime=405743 selected_available=0
[26-10-05 03:56:57] [info] watch=Dune: Part 3 showtime=405745 cineplex availability call initiated
[26-10-05 03:56:57] [info] watch=Dune: Part 3 showtime=405745 selected_available=0
[26-10-05 03:56:57] [info] watch=Dune: Part 3 showtime=405750 cineplex availability call initiated
[26-10-05 03:56:57] [info] watch=Dune: Part 3 showtime=405750 selected_available=0
[26-10-05 03:56:57] [info] watch=Dune: Part 3 showtime=405751 cineplex availability call initiated
[26-10-05 03:56:58] [info] watch=Dune: Part 3 showtime=405751 selected_available=0
[26-10-05 03:56:58] [info] watch=Dune: Part 3 showtime=405752 cineplex availability call initiated
[26-10-05 03:56:58] [info] watch=Dune: Part 3 showtime=405752 selected_available=0
[26-10-05 03:56:58] [info] watch=Dune: Part 3 showtime=405753 cineplex availability call initiated
[26-10-05 03:56:58] [info] watch=Dune: Part 3 showtime=405753 selected_available=0
[26-10-05 03:56:58] [info] watch=Dune: Part 3 showtime=405754 cineplex availability call initiated
[26-10-05 03:56:59] [info] watch=Dune: Part 3 showtime=405754 selected_available=0
[26-10-05 03:56:59] [info] watch=Dune: Part 3 showtime=405755 cineplex availability call initiated
[26-10-05 03:56:59] [info] watch=Dune: Part 3 showtime=405755 selected_available=0
[26-10-05 03:56:59] [info] watch=Dune: Part 3 showtime=405760 cineplex availability call initiated
[26-10-05 03:56:59] [info] watch=Dune: Part 3 showtime=405760 selected_available=0
[26-10-05 03:56:59] [info] watch=Dune: Part 3 showtime=405761 cineplex availability call initiated
[26-10-05 03:57:00] [info] watch=Dune: Part 3 showtime=405761 selected_available=0
[26-10-05 03:57:00] [info] watch=Dune: Part 3 showtime=405765 cineplex availability call initiated
[26-10-05 03:57:00] [info] watch=Dune: Part 3 showtime=405765 selected_available=0
[26-10-05 03:57:00] [info] seat watcher scan completed watches=1 showtimes=13 failures=0 new_seats=0
[26-10-05 12:57:32] [info] seat watcher scan started
[26-10-05 12:57:32] [info] watch=Dune: Part 3 showtime=405740 cineplex availability call initiated
[26-10-05 12:57:32] [info] watch=Dune: Part 3 showtime=405740 selected_available=0
[26-10-05 12:57:32] [info] watch=Dune: Part 3 showtime=405741 cineplex availability call initiated
[26-10-05 12:57:32] [info] watch=Dune: Part 3 showtime=405741 selected_available=0
[26-10-05 12:57:32] [info] watch=Dune: Part 3 showtime=405743 cineplex availability call initiated
[26-10-05 12:57:33] [info] watch=Dune: Part 3 showtime=405743 selected_available=0
[26-10-05 12:57:33] [info] watch=Dune: Part 3 showtime=405745 cineplex availability call initiated
[26-10-05 12:57:33] [info] watch=Dune: Part 3 showtime=405745 selected_available=0
[26-10-05 12:57:33] [info] watch=Dune: Part 3 showtime=405750 cineplex availability call initiated
[26-10-05 12:57:33] [info] watch=Dune: Part 3 showtime=405750 selected_available=0
[26-10-05 12:57:33] [info] watch=Dune: Part 3 showtime=405751 cineplex availability call initiated
[26-10-05 12:57:33] [info] watch=Dune: Part 3 showtime=405751 selected_available=0
[26-10-05 12:57:33] [info] watch=Dune: Part 3 showtime=405752 cineplex availability call initiated
[26-10-05 12:57:33] [info] watch=Dune: Part 3 showtime=405752 selected_available=0
[26-10-05 12:57:33] [info] watch=Dune: Part 3 showtime=405753 cineplex availability call initiated
[26-10-05 12:57:34] [info] watch=Dune: Part 3 showtime=405753 selected_available=0
[26-10-05 12:57:34] [info] watch=Dune: Part 3 showtime=405754 cineplex availability call initiated
[26-10-05 12:57:34] [info] watch=Dune: Part 3 showtime=405754 selected_available=0
[26-10-05 12:57:34] [info] watch=Dune: Part 3 showtime=405755 cineplex availability call initiated
[26-10-05 12:57:34] [info] watch=Dune: Part 3 showtime=405755 selected_available=0
[26-10-05 12:57:34] [info] watch=Dune: Part 3 showtime=405760 cineplex availability call initiated
[26-10-05 12:57:34] [info] watch=Dune: Part 3 showtime=405760 selected_available=0
[26-10-05 12:57:34] [info] watch=Dune: Part 3 showtime=405761 cineplex availability call initiated
[26-10-05 12:57:34] [info] watch=Dune: Part 3 showtime=405761 selected_available=0
[26-10-05 12:57:34] [info] watch=Dune: Part 3 showtime=405765 cineplex availability call initiated
[26-10-05 12:57:35] [info] watch=Dune: Part 3 showtime=405765 selected_available=0
[26-10-05 12:57:35] [info] seat watcher scan completed watches=1 showtimes=13 failures=0 new_seats=0
[26-10-05 19:05:40] [info] seat watcher scan started
[26-10-05 19:05:40] [info] watch=Dune: Part 3 showtime=405740 cineplex availability call initiated
[26-10-05 19:05:40] [info] watch=Dune: Part 3 showtime=405740 selected_available=0
[26-10-05 19:05:40] [info] watch=Dune: Part 3 showtime=405741 cineplex availability call initiated
[26-10-05 19:05:40] [info] watch=Dune: Part 3 showtime=405741 selected_available=0
[26-10-05 19:05:40] [info] watch=Dune: Part 3 showtime=405743 cineplex availability call initiated
[26-10-05 19:05:41] [info] watch=Dune: Part 3 showtime=405743 selected_available=0
[26-10-05 19:05:41] [info] watch=Dune: Part 3 showtime=405745 cineplex availability call initiated
[26-10-05 19:05:41] [info] watch=Dune: Part 3 showtime=405745 selected_available=0
[26-10-05 19:05:41] [info] watch=Dune: Part 3 showtime=405750 cineplex availability call initiated
[26-10-05 19:05:41] [info] watch=Dune: Part 3 showtime=405750 selected_available=0
[26-10-05 19:05:41] [info] watch=Dune: Part 3 showtime=405751 cineplex availability call initiated
[26-10-05 19:05:41] [info] watch=Dune: Part 3 showtime=405751 selected_available=0
[26-10-05 19:05:41] [info] watch=Dune: Part 3 showtime=405752 cineplex availability call initiated
[26-10-05 19:05:42] [info] watch=Dune: Part 3 showtime=405752 selected_available=0
[26-10-05 19:05:42] [info] watch=Dune: Part 3 showtime=405753 cineplex availability call initiated
[26-10-05 19:05:42] [info] watch=Dune: Part 3 showtime=405753 selected_available=0
[26-10-05 19:05:42] [info] watch=Dune: Part 3 showtime=405754 cineplex availability call initiated
[26-10-05 19:05:42] [info] watch=Dune: Part 3 showtime=405754 selected_available=0
[26-10-05 19:05:42] [info] watch=Dune: Part 3 showtime=405755 cineplex availability call initiated
[26-10-05 19:05:42] [info] watch=Dune: Part 3 showtime=405755 selected_available=0
[26-10-05 19:05:42] [info] watch=Dune: Part 3 showtime=405760 cineplex availability call initiated
[26-10-05 19:05:43] [info] watch=Dune: Part 3 showtime=405760 selected_available=0
[26-10-05 19:05:43] [info] watch=Dune: Part 3 showtime=405761 cineplex availability call initiated
[26-10-05 19:05:43] [info] watch=Dune: Part 3 showtime=405761 selected_available=0
[26-10-05 19:05:43] [info] watch=Dune: Part 3 showtime=405765 cineplex availability call initiated
[26-10-05 19:05:43] [info] watch=Dune: Part 3 showtime=405765 selected_available=0
[26-10-05 19:05:43] [info] seat watcher scan completed watches=1 showtimes=13 failures=0 new_seats=0
[26-10-05 22:55:27] [info] seat watcher scan started
[26-10-05 22:55:27] [info] watch=Dune: Part 3 showtime=405740 cineplex availability call initiated
[26-10-05 22:55:27] [info] watch=Dune: Part 3 showtime=405740 selected_available=0
[26-10-05 22:55:27] [info] watch=Dune: Part 3 showtime=405741 cineplex availability call initiated
[26-10-05 22:55:27] [info] watch=Dune: Part 3 showtime=405741 selected_available=0
[26-10-05 22:55:27] [info] watch=Dune: Part 3 showtime=405743 cineplex availability call initiated
[26-10-05 22:55:27] [info] watch=Dune: Part 3 showtime=405743 selected_available=0
[26-10-05 22:55:27] [info] watch=Dune: Part 3 showtime=405745 cineplex availability call initiated
[26-10-05 22:55:28] [info] watch=Dune: Part 3 showtime=405745 selected_available=0
[26-10-05 22:55:28] [info] watch=Dune: Part 3 showtime=405750 cineplex availability call initiated
[26-10-05 22:55:28] [info] watch=Dune: Part 3 showtime=405750 selected_available=0
[26-10-05 22:55:28] [info] watch=Dune: Part 3 showtime=405751 cineplex availability call initiated
[26-10-05 22:55:28] [info] watch=Dune: Part 3 showtime=405751 selected_available=0
[26-10-05 22:55:28] [info] watch=Dune: Part 3 showtime=405752 cineplex availability call initiated
[26-10-05 22:55:28] [info] watch=Dune: Part 3 showtime=405752 selected_available=0
[26-10-05 22:55:28] [info] watch=Dune: Part 3 showtime=405753 cineplex availability call initiated
[26-10-05 22:55:29] [info] watch=Dune: Part 3 showtime=405753 selected_available=0
[26-10-05 22:55:29] [info] watch=Dune: Part 3 showtime=405754 cineplex availability call initiated
[26-10-05 22:55:29] [info] watch=Dune: Part 3 showtime=405754 selected_available=0
[26-10-05 22:55:29] [info] watch=Dune: Part 3 showtime=405755 cineplex availability call initiated
[26-10-05 22:55:29] [info] watch=Dune: Part 3 showtime=405755 selected_available=0
[26-10-05 22:55:29] [info] watch=Dune: Part 3 showtime=405760 cineplex availability call initiated
[26-10-05 22:55:29] [info] watch=Dune: Part 3 showtime=405760 selected_available=0
[26-10-05 22:55:29] [info] watch=Dune: Part 3 showtime=405761 cineplex availability call initiated
[26-10-05 22:55:30] [info] watch=Dune: Part 3 showtime=405761 selected_available=0
[26-10-05 22:55:30] [info] watch=Dune: Part 3 showtime=405765 cineplex availability call initiated
[26-10-05 22:55:30] [info] watch=Dune: Part 3 showtime=405765 selected_available=0
[26-10-05 22:55:30] [info] seat watcher scan completed watches=1 showtimes=13 failures=0 new_seats=0
[26-10-06 05:49:03] [info] seat watcher scan started
[26-10-06 05:49:03] [info] watch=Dune: Part 3 showtime=405740 cineplex availability call initiated
[26-10-06 05:49:04] [info] watch=Dune: Part 3 showtime=405740 selected_available=0
[26-10-06 05:49:04] [info] watch=Dune: Part 3 showtime=405741 cineplex availability call initiated
[26-10-06 05:49:04] [info] watch=Dune: Part 3 showtime=405741 selected_available=0
[26-10-06 05:49:04] [info] watch=Dune: Part 3 showtime=405743 cineplex availability call initiated
[26-10-06 05:49:04] [info] watch=Dune: Part 3 showtime=405743 selected_available=0
[26-10-06 05:49:04] [info] watch=Dune: Part 3 showtime=405745 cineplex availability call initiated
[26-10-06 05:49:05] [info] watch=Dune: Part 3 showtime=405745 selected_available=0
[26-10-06 05:49:05] [info] watch=Dune: Part 3 showtime=405750 cineplex availability call initiated
[26-10-06 05:49:05] [info] watch=Dune: Part 3 showtime=405750 selected_available=0
[26-10-06 05:49:05] [info] watch=Dune: Part 3 showtime=405751 cineplex availability call initiated
[26-10-06 05:49:06] [info] watch=Dune: Part 3 showtime=405751 selected_available=0
[26-10-06 05:49:06] [info] watch=Dune: Part 3 showtime=405752 cineplex availability call initiated
[26-10-06 05:49:06] [info] watch=Dune: Part 3 showtime=405752 selected_available=0
[26-10-06 05:49:06] [info] watch=Dune: Part 3 showtime=405753 cineplex availability call initiated
[26-10-06 05:49:06] [info] watch=Dune: Part 3 showtime=405753 selected_available=0
[26-10-06 05:49:06] [info] watch=Dune: Part 3 showtime=405754 cineplex availability call initiated
[26-10-06 05:49:07] [info] watch=Dune: Part 3 showtime=405754 selected_available=0
[26-10-06 05:49:07] [info] watch=Dune: Part 3 showtime=405755 cineplex availability call initiated
[26-10-06 05:49:07] [info] watch=Dune: Part 3 showtime=405755 selected_available=0
[26-10-06 05:49:07] [info] watch=Dune: Part 3 showtime=405760 cineplex availability call initiated
[26-10-06 05:49:07] [info] watch=Dune: Part 3 showtime=405760 selected_available=0
[26-10-06 05:49:07] [info] watch=Dune: Part 3 showtime=405761 cineplex availability call initiated
[26-10-06 05:49:08] [info] watch=Dune: Part 3 showtime=405761 selected_available=0
[26-10-06 05:49:08] [info] watch=Dune: Part 3 showtime=405765 cineplex availability call initiated
[26-10-06 05:49:08] [info] watch=Dune: Part 3 showtime=405765 selected_available=0
[26-10-06 05:49:08] [info] seat watcher scan completed watches=1 showtimes=13 failures=0 new_seats=0
[26-10-06 12:18:05] [info] seat watcher scan started
[26-10-06 12:18:05] [info] watch=Dune: Part 3 showtime=405740 cineplex availability call initiated
[26-10-06 12:18:06] [info] watch=Dune: Part 3 showtime=405740 selected_available=0
[26-10-06 12:18:06] [info] watch=Dune: Part 3 showtime=405741 cineplex availability call initiated
[26-10-06 12:18:06] [info] watch=Dune: Part 3 showtime=405741 selected_available=0
[26-10-06 12:18:06] [info] watch=Dune: Part 3 showtime=405743 cineplex availability call initiated
[26-10-06 12:18:06] [info] watch=Dune: Part 3 showtime=405743 selected_available=0
[26-10-06 12:18:06] [info] watch=Dune: Part 3 showtime=405745 cineplex availability call initiated
[26-10-06 12:18:07] [info] watch=Dune: Part 3 showtime=405745 selected_available=0
[26-10-06 12:18:07] [info] watch=Dune: Part 3 showtime=405750 cineplex availability call initiated
[26-10-06 12:18:07] [info] watch=Dune: Part 3 showtime=405750 selected_available=0
[26-10-06 12:18:07] [info] watch=Dune: Part 3 showtime=405751 cineplex availability call initiated
[26-10-06 12:18:07] [info] watch=Dune: Part 3 showtime=405751 selected_available=0
[26-10-06 12:18:07] [info] watch=Dune: Part 3 showtime=405752 cineplex availability call initiated
[26-10-06 12:18:08] [info] watch=Dune: Part 3 showtime=405752 selected_available=0
[26-10-06 12:18:08] [info] watch=Dune: Part 3 showtime=405753 cineplex availability call initiated
[26-10-06 12:18:08] [info] watch=Dune: Part 3 showtime=405753 selected_available=0
[26-10-06 12:18:08] [info] watch=Dune: Part 3 showtime=405754 cineplex availability call initiated
[26-10-06 12:18:08] [info] watch=Dune: Part 3 showtime=405754 selected_available=0
[26-10-06 12:18:08] [info] watch=Dune: Part 3 showtime=405755 cineplex availability call initiated
[26-10-06 12:18:08] [info] watch=Dune: Part 3 showtime=405755 selected_available=0
[26-10-06 12:18:08] [info] watch=Dune: Part 3 showtime=405760 cineplex availability call initiated
[26-10-06 12:18:09] [info] watch=Dune: Part 3 showtime=405760 selected_available=0
[26-10-06 12:18:09] [info] watch=Dune: Part 3 showtime=405761 cineplex availability call initiated
[26-10-06 12:18:09] [info] watch=Dune: Part 3 showtime=405761 selected_available=0
[26-10-06 12:18:09] [info] watch=Dune: Part 3 showtime=405765 cineplex availability call initiated
[26-10-06 12:18:10] [info] watch=Dune: Part 3 showtime=405765 selected_available=0
[26-10-06 12:18:10] [info] seat watcher scan completed watches=1 showtimes=13 failures=0 new_seats=0
[26-10-06 17:03:35] [info] seat watcher scan started
[26-10-06 17:03:35] [info] watch=Dune: Part 3 showtime=405740 cineplex availability call initiated
[26-10-06 17:03:35] [info] watch=Dune: Part 3 showtime=405740 selected_available=0
[26-10-06 17:03:35] [info] watch=Dune: Part 3 showtime=405741 cineplex availability call initiated
[26-10-06 17:03:36] [info] watch=Dune: Part 3 showtime=405741 selected_available=0
[26-10-06 17:03:36] [info] watch=Dune: Part 3 showtime=405743 cineplex availability call initiated
[26-10-06 17:03:36] [info] watch=Dune: Part 3 showtime=405743 selected_available=0
[26-10-06 17:03:36] [info] watch=Dune: Part 3 showtime=405745 cineplex availability call initiated
[26-10-06 17:03:36] [info] watch=Dune: Part 3 showtime=405745 selected_available=0
[26-10-06 17:03:36] [info] watch=Dune: Part 3 showtime=405750 cineplex availability call initiated
[26-10-06 17:03:36] [info] watch=Dune: Part 3 showtime=405750 selected_available=0
[26-10-06 17:03:36] [info] watch=Dune: Part 3 showtime=405751 cineplex availability call initiated
[26-10-06 17:03:37] [info] watch=Dune: Part 3 showtime=405751 selected_available=0
[26-10-06 17:03:37] [info] watch=Dune: Part 3 showtime=405752 cineplex availability call initiated
[26-10-06 17:03:37] [info] watch=Dune: Part 3 showtime=405752 selected_available=0
[26-10-06 17:03:37] [info] watch=Dune: Part 3 showtime=405753 cineplex availability call initiated
[26-10-06 17:03:37] [info] watch=Dune: Part 3 showtime=405753 selected_available=0
[26-10-06 17:03:37] [info] watch=Dune: Part 3 showtime=405754 cineplex availability call initiated
[26-10-06 17:03:37] [info] watch=Dune: Part 3 showtime=405754 selected_available=0
[26-10-06 17:03:37] [info] watch=Dune: Part 3 showtime=405755 cineplex availability call initiated
[26-10-06 17:03:37] [info] watch=Dune: Part 3 showtime=405755 selected_available=0
[26-10-06 17:03:37] [info] watch=Dune: Part 3 showtime=405760 cineplex availability call initiated
[26-10-06 17:03:38] [info] watch=Dune: Part 3 showtime=405760 selected_available=0
[26-10-06 17:03:38] [info] watch=Dune: Part 3 showtime=405761 cineplex availability call initiated
[26-10-06 17:03:38] [info] watch=Dune: Part 3 showtime=405761 selected_available=0
[26-10-06 17:03:38] [info] watch=Dune: Part 3 showtime=405765 cineplex availability call initiated
[26-10-06 17:03:38] [info] watch=Dune: Part 3 showtime=405765 selected_available=0
[26-10-06 17:03:38] [info] seat watcher scan completed watches=1 showtimes=13 failures=0 new_seats=0
[26-10-06 20:37:41] [info] seat watcher scan started
[26-10-06 20:37:41] [info] watch=Dune: Part 3 showtime=405740 cineplex availability call initiated
[26-10-06 20:37:42] [info] watch=Dune: Part 3 showtime=405740 selected_available=0
[26-10-06 20:37:42] [info] watch=Dune: Part 3 showtime=405741 cineplex availability call initiated
[26-10-06 20:37:42] [info] watch=Dune: Part 3 showtime=405741 selected_available=0
[26-10-06 20:37:42] [info] watch=Dune: Part 3 showtime=405743 cineplex availability call initiated
[26-10-06 20:37:42] [info] watch=Dune: Part 3 showtime=405743 selected_available=0
[26-10-06 20:37:42] [info] watch=Dune: Part 3 showtime=405745 cineplex availability call initiated
[26-10-06 20:37:42] [info] watch=Dune: Part 3 showtime=405745 selected_available=0
[26-10-06 20:37:42] [info] watch=Dune: Part 3 showtime=405750 cineplex availability call initiated
[26-10-06 20:37:43] [info] watch=Dune: Part 3 showtime=405750 selected_available=0
[26-10-06 20:37:43] [info] watch=Dune: Part 3 showtime=405751 cineplex availability call initiated
[26-10-06 20:37:43] [info] watch=Dune: Part 3 showtime=405751 selected_available=0
[26-10-06 20:37:43] [info] watch=Dune: Part 3 showtime=405752 cineplex availability call initiated
[26-10-06 20:37:44] [info] watch=Dune: Part 3 showtime=405752 selected_available=0
[26-10-06 20:37:44] [info] watch=Dune: Part 3 showtime=405753 cineplex availability call initiated
[26-10-06 20:37:44] [info] watch=Dune: Part 3 showtime=405753 selected_available=0
[26-10-06 20:37:44] [info] watch=Dune: Part 3 showtime=405754 cineplex availability call initiated
[26-10-06 20:37:44] [info] watch=Dune: Part 3 showtime=405754 selected_available=0
[26-10-06 20:37:44] [info] watch=Dune: Part 3 showtime=405755 cineplex availability call initiated
[26-10-06 20:37:44] [info] watch=Dune: Part 3 showtime=405755 selected_available=0
[26-10-06 20:37:44] [info] watch=Dune: Part 3 showtime=405760 cineplex availability call initiated
[26-10-06 20:37:45] [info] watch=Dune: Part 3 showtime=405760 selected_available=0
[26-10-06 20:37:45] [info] watch=Dune: Part 3 showtime=405761 cineplex availability call initiated
[26-10-06 20:37:45] [info] watch=Dune: Part 3 showtime=405761 selected_available=0
[26-10-06 20:37:45] [info] watch=Dune: Part 3 showtime=405765 cineplex availability call initiated
[26-10-06 20:37:45] [info] watch=Dune: Part 3 showtime=405765 selected_available=0
[26-10-06 20:37:45] [info] seat watcher scan completed watches=1 showtimes=13 failures=0 new_seats=0
[26-10-07 02:27:43] [info] seat watcher scan started
[26-10-07 02:27:43] [info] watch=Dune: Part 3 showtime=405740 cineplex availability call initiated
[26-10-07 02:27:43] [info] watch=Dune: Part 3 showtime=405740 selected_available=0
[26-10-07 02:27:43] [info] watch=Dune: Part 3 showtime=405741 cineplex availability call initiated
[26-10-07 02:27:43] [info] watch=Dune: Part 3 showtime=405741 selected_available=0
[26-10-07 02:27:43] [info] watch=Dune: Part 3 showtime=405743 cineplex availability call initiated
[26-10-07 02:27:43] [info] watch=Dune: Part 3 showtime=405743 selected_available=0
[26-10-07 02:27:43] [info] watch=Dune: Part 3 showtime=405745 cineplex availability call initiated
[26-10-07 02:27:43] [info] watch=Dune: Part 3 showtime=405745 selected_available=0
[26-10-07 02:27:43] [info] watch=Dune: Part 3 showtime=405750 cineplex availability call initiated
[26-10-07 02:27:44] [info] watch=Dune: Part 3 showtime=405750 selected_available=0
[26-10-07 02:27:44] [info] watch=Dune: Part 3 showtime=405751 cineplex availability call initiated
[26-10-07 02:27:44] [info] watch=Dune: Part 3 showtime=405751 selected_available=0
[26-10-07 02:27:44] [info] watch=Dune: Part 3 showtime=405752 cineplex availability call initiated
[26-10-07 02:27:44] [info] watch=Dune: Part 3 showtime=405752 selected_available=0
[26-10-07 02:27:44] [info] watch=Dune: Part 3 showtime=405753 cineplex availability call initiated
[26-10-07 02:27:44] [info] watch=Dune: Part 3 showtime=405753 selected_available=0
[26-10-07 02:27:44] [info] watch=Dune: Part 3 showtime=405754 cineplex availability call initiated
[26-10-07 02:27:44] [info] watch=Dune: Part 3 showtime=405754 selected_available=0
[26-10-07 02:27:44] [info] watch=Dune: Part 3 showtime=405755 cineplex availability call initiated
[26-10-07 02:27:44] [info] watch=Dune: Part 3 showtime=405755 selected_available=0
[26-10-07 02:27:44] [info] watch=Dune: Part 3 showtime=405760 cineplex availability call initiated
[26-10-07 02:27:45] [info] watch=Dune: Part 3 showtime=405760 selected_available=0
[26-10-07 02:27:45] [info] watch=Dune: Part 3 showtime=405761 cineplex availability call initiated
[26-10-07 02:27:45] [info] watch=Dune: Part 3 showtime=405761 selected_available=0
[26-10-07 02:27:45] [info] watch=Dune: Part 3 showtime=405765 cineplex availability call initiated
[26-10-07 02:27:45] [info] watch=Dune: Part 3 showtime=405765 selected_available=0
[26-10-07 02:27:45] [info] seat watcher scan completed watches=1 showtimes=13 failures=0 new_seats=0
[26-10-07 09:46:21] [info] seat watcher scan started
[26-10-07 09:46:21] [info] watch=Dune: Part 3 showtime=405740 cineplex availability call initiated
[26-10-07 09:46:22] [info] watch=Dune: Part 3 showtime=405740 selected_available=0
[26-10-07 09:46:22] [info] watch=Dune: Part 3 showtime=405741 cineplex availability call initiated
[26-10-07 09:46:22] [info] watch=Dune: Part 3 showtime=405741 selected_available=0
[26-10-07 09:46:22] [info] watch=Dune: Part 3 showtime=405743 cineplex availability call initiated
[26-10-07 09:46:22] [info] watch=Dune: Part 3 showtime=405743 selected_available=0
[26-10-07 09:46:22] [info] watch=Dune: Part 3 showtime=405745 cineplex availability call initiated
[26-10-07 09:46:22] [info] watch=Dune: Part 3 showtime=405745 selected_available=0
[26-10-07 09:46:22] [info] watch=Dune: Part 3 showtime=405750 cineplex availability call initiated
[26-10-07 09:46:22] [info] watch=Dune: Part 3 showtime=405750 selected_available=0
[26-10-07 09:46:22] [info] watch=Dune: Part 3 showtime=405751 cineplex availability call initiated
[26-10-07 09:46:23] [info] watch=Dune: Part 3 showtime=405751 selected_available=0
[26-10-07 09:46:23] [info] watch=Dune: Part 3 showtime=405752 cineplex availability call initiated
[26-10-07 09:46:23] [info] watch=Dune: Part 3 showtime=405752 selected_available=0
[26-10-07 09:46:23] [info] watch=Dune: Part 3 showtime=405753 cineplex availability call initiated
[26-10-07 09:46:23] [info] watch=Dune: Part 3 showtime=405753 selected_available=0
[26-10-07 09:46:23] [info] watch=Dune: Part 3 showtime=405754 cineplex availability call initiated
[26-10-07 09:46:23] [info] watch=Dune: Part 3 showtime=405754 selected_available=0
[26-10-07 09:46:23] [info] watch=Dune: Part 3 showtime=405755 cineplex availability call initiated
[26-10-07 09:46:24] [info] watch=Dune: Part 3 showtime=405755 selected_available=0
[26-10-07 09:46:24] [info] watch=Dune: Part 3 showtime=405760 cineplex availability call initiated
[26-10-07 09:46:24] [info] watch=Dune: Part 3 showtime=405760 selected_available=0
[26-10-07 09:46:24] [info] watch=Dune: Part 3 showtime=405761 cineplex availability call initiated
[26-10-07 09:46:24] [info] watch=Dune: Part 3 showtime=405761 selected_available=0
[26-10-07 09:46:24] [info] watch=Dune: Part 3 showtime=405765 cineplex availability call initiated
[26-10-07 09:46:24] [info] watch=Dune: Part 3 showtime=405765 selected_available=0
[26-10-07 09:46:24] [info] seat watcher scan completed watches=1 showtimes=13 failures=0 new_seats=0
[26-10-07 15:35:25] [info] seat watcher scan started
[26-10-07 15:35:25] [info] watch=Dune: Part 3 showtime=405740 cineplex availability call initiated
[26-10-07 15:35:25] [info] watch=Dune: Part 3 showtime=405740 selected_available=0
[26-10-07 15:35:25] [info] watch=Dune: Part 3 showtime=405741 cineplex availability call initiated
[26-10-07 15:35:25] [info] watch=Dune: Part 3 showtime=405741 selected_available=0
[26-10-07 15:35:25] [info] watch=Dune: Part 3 showtime=405743 cineplex availability call initiated
[26-10-07 15:35:26] [info] watch=Dune: Part 3 showtime=405743 selected_available=0
[26-10-07 15:35:26] [info] watch=Dune: Part 3 showtime=405745 cineplex availability call initiated
[26-10-07 15:35:26] [info] watch=Dune: Part 3 showtime=405745 selected_available=1
[26-10-07 15:35:26] [info] watch=Dune: Part 3 showtime=405745 telegram availability alert sent seats=E11
[26-10-07 15:35:26] [info] watch=Dune: Part 3 showtime=405750 cineplex availability call initiated
[26-10-07 15:35:27] [info] watch=Dune: Part 3 showtime=405750 selected_available=0
[26-10-07 15:35:27] [info] watch=Dune: Part 3 showtime=405751 cineplex availability call initiated
[26-10-07 15:35:27] [info] watch=Dune: Part 3 showtime=405751 selected_available=0
[26-10-07 15:35:27] [info] watch=Dune: Part 3 showtime=405752 cineplex availability call initiated
[26-10-07 15:35:27] [info] watch=Dune: Part 3 showtime=405752 selected_available=0
[26-10-07 15:35:27] [info] watch=Dune: Part 3 showtime=405753 cineplex availability call initiated
[26-10-07 15:35:27] [info] watch=Dune: Part 3 showtime=405753 selected_available=0
[26-10-07 15:35:27] [info] watch=Dune: Part 3 showtime=405754 cineplex availability call initiated
[26-10-07 15:35:27] [info] watch=Dune: Part 3 showtime=405754 selected_available=0
[26-10-07 15:35:27] [info] watch=Dune: Part 3 showtime=405755 cineplex availability call initiated
[26-10-07 15:35:28] [info] watch=Dune: Part 3 showtime=405755 selected_available=0
[26-10-07 15:35:28] [info] watch=Dune: Part 3 showtime=405760 cineplex availability call initiated
[26-10-07 15:35:28] [info] watch=Dune: Part 3 showtime=405760 selected_available=0
[26-10-07 15:35:28] [info] watch=Dune: Part 3 showtime=405761 cineplex availability call initiated
[26-10-07 15:35:28] [info] watch=Dune: Part 3 showtime=405761 selected_available=0
[26-10-07 15:35:28] [info] watch=Dune: Part 3 showtime=405765 cineplex availability call initiated
[26-10-07 15:35:28] [info] watch=Dune: Part 3 showtime=405765 selected_available=0
[26-10-07 15:35:28] [info] seat watcher scan completed watches=1 showtimes=13 failures=0 new_seats=1
[26-10-07 19:47:24] [info] seat watcher scan started
[26-10-07 19:47:24] [info] watch=Dune: Part 3 showtime=405740 cineplex availability call initiated
[26-10-07 19:47:24] [info] watch=Dune: Part 3 showtime=405740 selected_available=0
[26-10-07 19:47:24] [info] watch=Dune: Part 3 showtime=405741 cineplex availability call initiated
[26-10-07 19:47:25] [info] watch=Dune: Part 3 showtime=405741 selected_available=0
[26-10-07 19:47:25] [info] watch=Dune: Part 3 showtime=405743 cineplex availability call initiated
[26-10-07 19:47:25] [info] watch=Dune: Part 3 showtime=405743 selected_available=0
[26-10-07 19:47:25] [info] watch=Dune: Part 3 showtime=405745 cineplex availability call initiated
[26-10-07 19:47:25] [info] watch=Dune: Part 3 showtime=405745 selected_available=0
[26-10-07 19:47:25] [info] watch=Dune: Part 3 showtime=405750 cineplex availability call initiated
[26-10-07 19:47:25] [info] watch=Dune: Part 3 showtime=405750 selected_available=0
[26-10-07 19:47:25] [info] watch=Dune: Part 3 showtime=405751 cineplex availability call initiated
[26-10-07 19:47:25] [info] watch=Dune: Part 3 showtime=405751 selected_available=0
[26-10-07 19:47:25] [info] watch=Dune: Part 3 showtime=405752 cineplex availability call initiated
[26-10-07 19:47:26] [info] watch=Dune: Part 3 showtime=405752 selected_available=0
[26-10-07 19:47:26] [info] watch=Dune: Part 3 showtime=405753 cineplex availability call initiated
[26-10-07 19:47:26] [info] watch=Dune: Part 3 showtime=405753 selected_available=0
[26-10-07 19:47:26] [info] watch=Dune: Part 3 showtime=405754 cineplex availability call initiated
[26-10-07 19:47:26] [info] watch=Dune: Part 3 showtime=405754 selected_available=0
[26-10-07 19:47:26] [info] watch=Dune: Part 3 showtime=405755 cineplex availability call initiated
[26-10-07 19:47:26] [info] watch=Dune: Part 3 showtime=405755 selected_available=0
[26-10-07 19:47:26] [info] watch=Dune: Part 3 showtime=405760 cineplex availability call initiated
[26-10-07 19:47:26] [info] watch=Dune: Part 3 showtime=405760 selected_available=0
[26-10-07 19:47:26] [info] watch=Dune: Part 3 showtime=405761 cineplex availability call initiated
[26-10-07 19:47:27] [info] watch=Dune: Part 3 showtime=405761 selected_available=0
[26-10-07 19:47:27] [info] watch=Dune: Part 3 showtime=405765 cineplex availability call initiated
[26-10-07 19:47:27] [info] watch=Dune: Part 3 showtime=405765 selected_available=0
[26-10-07 19:47:27] [info] seat watcher scan completed watches=1 showtimes=13 failures=0 new_seats=0
[26-10-07 23:01:27] [info] seat watcher scan started
[26-10-07 23:01:27] [info] watch=Dune: Part 3 showtime=405740 cineplex availability call initiated
[26-10-07 23:01:28] [info] watch=Dune: Part 3 showtime=405740 selected_available=0
[26-10-07 23:01:28] [info] watch=Dune: Part 3 showtime=405741 cineplex availability call initiated
[26-10-07 23:01:28] [info] watch=Dune: Part 3 showtime=405741 selected_available=0
[26-10-07 23:01:28] [info] watch=Dune: Part 3 showtime=405743 cineplex availability call initiated
[26-10-07 23:01:28] [info] watch=Dune: Part 3 showtime=405743 selected_available=0
[26-10-07 23:01:28] [info] watch=Dune: Part 3 showtime=405745 cineplex availability call initiated
[26-10-07 23:01:28] [info] watch=Dune: Part 3 showtime=405745 selected_available=0
[26-10-07 23:01:28] [info] watch=Dune: Part 3 showtime=405750 cineplex availability call initiated
[26-10-07 23:01:29] [info] watch=Dune: Part 3 showtime=405750 selected_available=0
[26-10-07 23:01:29] [info] watch=Dune: Part 3 showtime=405751 cineplex availability call initiated
[26-10-07 23:01:29] [info] watch=Dune: Part 3 showtime=405751 selected_available=0
[26-10-07 23:01:29] [info] watch=Dune: Part 3 showtime=405752 cineplex availability call initiated
[26-10-07 23:01:29] [info] watch=Dune: Part 3 showtime=405752 selected_available=0
[26-10-07 23:01:29] [info] watch=Dune: Part 3 showtime=405753 cineplex availability call initiated
[26-10-07 23:01:29] [info] watch=Dune: Part 3 showtime=405753 selected_available=0
[26-10-07 23:01:29] [info] watch=Dune: Part 3 showtime=405754 cineplex availability call initiated
[26-10-07 23:01:30] [info] watch=Dune: Part 3 showtime=405754 selected_available=0
[26-10-07 23:01:30] [info] watch=Dune: Part 3 showtime=405755 cineplex availability call initiated
[26-10-07 23:01:30] [info] watch=Dune: Part 3 showtime=405755 selected_available=0
[26-10-07 23:01:30] [info] watch=Dune: Part 3 showtime=405760 cineplex availability call initiated
[26-10-07 23:01:30] [info] watch=Dune: Part 3 showtime=405760 selected_available=0
[26-10-07 23:01:30] [info] watch=Dune: Part 3 showtime=405761 cineplex availability call initiated
[26-10-07 23:01:30] [info] watch=Dune: Part 3 showtime=405761 selected_available=0
[26-10-07 23:01:30] [info] watch=Dune: Part 3 showtime=405765 cineplex availability call initiated
[26-10-07 23:01:31] [info] watch=Dune: Part 3 showtime=405765 selected_available=0
[26-10-07 23:01:31] [info] seat watcher scan completed watches=1 showtimes=13 failures=0 new_seats=0
